Archive member included to satisfy reference by file (symbol)

C:\Users\Bogdan\mrs_community_workspace3\CH32V307JSONMODBUSWEBSOCKETAJAX\NetLib\libwchnet.a(eth_api.o)
                              ./NetLib/eth_driver_10M.o (WCHNET_PeriodicHandle)
C:\Users\Bogdan\mrs_community_workspace3\CH32V307JSONMODBUSWEBSOCKETAJAX\NetLib\libwchnet.a(ipcheck.o)
                              C:\Users\Bogdan\mrs_community_workspace3\CH32V307JSONMODBUSWEBSOCKETAJAX\NetLib\libwchnet.a(eth_api.o) (IPCheckParaInit)
C:\Users\Bogdan\mrs_community_workspace3\CH32V307JSONMODBUSWEBSOCKETAJAX\NetLib\libwchnet.a(net_dhcp.o)
                              C:\Users\Bogdan\mrs_community_workspace3\CH32V307JSONMODBUSWEBSOCKETAJAX\NetLib\libwchnet.a(eth_api.o) (DHCPCtrl)
C:\Users\Bogdan\mrs_community_workspace3\CH32V307JSONMODBUSWEBSOCKETAJAX\NetLib\libwchnet.a(net_dns.o)
                              C:\Users\Bogdan\mrs_community_workspace3\CH32V307JSONMODBUSWEBSOCKETAJAX\NetLib\libwchnet.a(eth_api.o) (DNSInf)
C:\Users\Bogdan\mrs_community_workspace3\CH32V307JSONMODBUSWEBSOCKETAJAX\NetLib\libwchnet.a(socket.o)
                              C:\Users\Bogdan\mrs_community_workspace3\CH32V307JSONMODBUSWEBSOCKETAJAX\NetLib\libwchnet.a(net_dhcp.o) (ErrorEncode)
C:\Users\Bogdan\mrs_community_workspace3\CH32V307JSONMODBUSWEBSOCKETAJAX\NetLib\libwchnet.a(etharp.o)
                              C:\Users\Bogdan\mrs_community_workspace3\CH32V307JSONMODBUSWEBSOCKETAJAX\NetLib\libwchnet.a(eth_api.o) (etharp_tmr)
C:\Users\Bogdan\mrs_community_workspace3\CH32V307JSONMODBUSWEBSOCKETAJAX\NetLib\libwchnet.a(ethernetif.o)
                              C:\Users\Bogdan\mrs_community_workspace3\CH32V307JSONMODBUSWEBSOCKETAJAX\NetLib\libwchnet.a(eth_api.o) (ethernetif_input)
C:\Users\Bogdan\mrs_community_workspace3\CH32V307JSONMODBUSWEBSOCKETAJAX\NetLib\libwchnet.a(inet.o)
                              C:\Users\Bogdan\mrs_community_workspace3\CH32V307JSONMODBUSWEBSOCKETAJAX\NetLib\libwchnet.a(socket.o) (inet_ntoa)
C:\Users\Bogdan\mrs_community_workspace3\CH32V307JSONMODBUSWEBSOCKETAJAX\NetLib\libwchnet.a(ip.o)
                              C:\Users\Bogdan\mrs_community_workspace3\CH32V307JSONMODBUSWEBSOCKETAJAX\NetLib\libwchnet.a(etharp.o) (ip_input)
C:\Users\Bogdan\mrs_community_workspace3\CH32V307JSONMODBUSWEBSOCKETAJAX\NetLib\libwchnet.a(ip_addr.o)
                              C:\Users\Bogdan\mrs_community_workspace3\CH32V307JSONMODBUSWEBSOCKETAJAX\NetLib\libwchnet.a(socket.o) (ip_addr_isbroadcast)
C:\Users\Bogdan\mrs_community_workspace3\CH32V307JSONMODBUSWEBSOCKETAJAX\NetLib\libwchnet.a(ip_frag.o)
                              C:\Users\Bogdan\mrs_community_workspace3\CH32V307JSONMODBUSWEBSOCKETAJAX\NetLib\libwchnet.a(eth_api.o) (ip_reass_tmr)
C:\Users\Bogdan\mrs_community_workspace3\CH32V307JSONMODBUSWEBSOCKETAJAX\NetLib\libwchnet.a(dhcp.o)
                              C:\Users\Bogdan\mrs_community_workspace3\CH32V307JSONMODBUSWEBSOCKETAJAX\NetLib\libwchnet.a(net_dhcp.o) (dhcp_arp_reply)
C:\Users\Bogdan\mrs_community_workspace3\CH32V307JSONMODBUSWEBSOCKETAJAX\NetLib\libwchnet.a(dns.o)
                              C:\Users\Bogdan\mrs_community_workspace3\CH32V307JSONMODBUSWEBSOCKETAJAX\NetLib\libwchnet.a(dhcp.o) (dns_setserver)
C:\Users\Bogdan\mrs_community_workspace3\CH32V307JSONMODBUSWEBSOCKETAJAX\NetLib\libwchnet.a(init.o)
                              C:\Users\Bogdan\mrs_community_workspace3\CH32V307JSONMODBUSWEBSOCKETAJAX\NetLib\libwchnet.a(ethernetif.o) (lwip_init)
C:\Users\Bogdan\mrs_community_workspace3\CH32V307JSONMODBUSWEBSOCKETAJAX\NetLib\libwchnet.a(mem.o)
                              C:\Users\Bogdan\mrs_community_workspace3\CH32V307JSONMODBUSWEBSOCKETAJAX\NetLib\libwchnet.a(init.o) (mem_init)
C:\Users\Bogdan\mrs_community_workspace3\CH32V307JSONMODBUSWEBSOCKETAJAX\NetLib\libwchnet.a(memp.o)
                              C:\Users\Bogdan\mrs_community_workspace3\CH32V307JSONMODBUSWEBSOCKETAJAX\NetLib\libwchnet.a(init.o) (memp_init)
C:\Users\Bogdan\mrs_community_workspace3\CH32V307JSONMODBUSWEBSOCKETAJAX\NetLib\libwchnet.a(netif.o)
                              C:\Users\Bogdan\mrs_community_workspace3\CH32V307JSONMODBUSWEBSOCKETAJAX\NetLib\libwchnet.a(dhcp.o) (netif_set_ipaddr)
C:\Users\Bogdan\mrs_community_workspace3\CH32V307JSONMODBUSWEBSOCKETAJAX\NetLib\libwchnet.a(pbuf.o)
                              C:\Users\Bogdan\mrs_community_workspace3\CH32V307JSONMODBUSWEBSOCKETAJAX\NetLib\libwchnet.a(socket.o) (pbuf_header)
C:\Users\Bogdan\mrs_community_workspace3\CH32V307JSONMODBUSWEBSOCKETAJAX\NetLib\libwchnet.a(raw.o)
                              C:\Users\Bogdan\mrs_community_workspace3\CH32V307JSONMODBUSWEBSOCKETAJAX\NetLib\libwchnet.a(ip.o) (raw_input)
C:\Users\Bogdan\mrs_community_workspace3\CH32V307JSONMODBUSWEBSOCKETAJAX\NetLib\libwchnet.a(tcp.o)
                              C:\Users\Bogdan\mrs_community_workspace3\CH32V307JSONMODBUSWEBSOCKETAJAX\NetLib\libwchnet.a(socket.o) (tcp_bind)
[...]
Memory Configuration

Name             Origin             Length             Attributes
FLASH            0x0000000000000000 0x0000000000030000 xr
RAM              0x0000000020000000 0x0000000000020000 xrw
*default*        0x0000000000000000 0xffffffffffffffff

Linker script and memory map

LOAD ./websocket/websocket.o
LOAD ./websocket/wshandshake.o
LOAD ./sha1/sha1.o
LOAD ./base64/base64.o
LOAD ./User/ch32v30x_it.o
LOAD ./User/main.o
LOAD ./User/system_ch32v30x.o
LOAD ./Startup/startup_ch32v30x_D8C.o
LOAD ./Peripheral/src/ch32v30x_adc.o
LOAD ./Peripheral/src/ch32v30x_bkp.o
LOAD ./Peripheral/src/ch32v30x_can.o
LOAD ./Peripheral/src/ch32v30x_crc.o
LOAD ./Peripheral/src/ch32v30x_dac.o
LOAD ./Peripheral/src/ch32v30x_dbgmcu.o
LOAD ./Peripheral/src/ch32v30x_dma.o
LOAD ./Peripheral/src/ch32v30x_dvp.o
LOAD ./Peripheral/src/ch32v30x_eth.o
LOAD ./Peripheral/src/ch32v30x_exti.o
LOAD ./Peripheral/src/ch32v30x_flash.o
LOAD ./Peripheral/src/ch32v30x_fsmc.o
LOAD ./Peripheral/src/ch32v30x_gpio.o
LOAD ./Peripheral/src/ch32v30x_i2c.o
LOAD ./Peripheral/src/ch32v30x_iwdg.o
LOAD ./Peripheral/src/ch32v30x_misc.o
LOAD ./Peripheral/src/ch32v30x_opa.o
LOAD ./Peripheral/src/ch32v30x_pwr.o
LOAD ./Peripheral/src/ch32v30x_rcc.o
LOAD ./Peripheral/src/ch32v30x_rng.o
LOAD ./Peripheral/src/ch32v30x_rtc.o
LOAD ./Peripheral/src/ch32v30x_sdio.o
LOAD ./Peripheral/src/ch32v30x_spi.o
LOAD ./Peripheral/src/ch32v30x_tim.o
LOAD ./Peripheral/src/ch32v30x_usart.o
LOAD ./Peripheral/src/ch32v30x_wwdg.o
LOAD ./NetLib/eth_driver_10M.o
LOAD ./Modbus/ModbusTCP.o
LOAD ./HTTP/HTTPS.o
LOAD ./Debug/debug.o
LOAD ./Core/core_riscv.o
LOAD ./CRC16/CRC16.o
LOAD c:/mounriver/mrs_community/toolchain/risc-v embedded gcc/bin/../lib/gcc/riscv-none-embed/8.2.0/../../../../riscv-none-embed/lib/rv32imac/ilp32\libm.a
LOAD C:\Users\Bogdan\mrs_community_workspace3\CH32V307JSONMODBUSWEBSOCKETAJAX\NetLib\libwchnet.a
LOAD c:/mounriver/mrs_community/toolchain/risc-v embedded gcc/bin/../lib/gcc/riscv-none-embed/8.2.0/rv32imac/ilp32\libgcc.a
LOAD c:/mounriver/mrs_community/toolchain/risc-v embedded gcc/bin/../lib/gcc/riscv-none-embed/8.2.0/../../../../riscv-none-embed/lib/rv32imac/ilp32\libg_nano.a
LOAD c:/mounriver/mrs_community/toolchain/risc-v embedded gcc/bin/../lib/gcc/riscv-none-embed/8.2.0/../../../../riscv-none-embed/lib/rv32imac/ilp32\libc_nano.a
LOAD c:/mounriver/mrs_community/toolchain/risc-v embedded gcc/bin/../lib/gcc/riscv-none-embed/8.2.0/rv32imac/ilp32\libgcc.a
START GROUP
LOAD c:/mounriver/mrs_community/toolchain/risc-v embedded gcc/bin/../lib/gcc/riscv-none-embed/8.2.0/rv32imac/ilp32\libgcc.a
LOAD c:/mounriver/mrs_community/toolchain/risc-v embedded gcc/bin/../lib/gcc/riscv-none-embed/8.2.0/../../../../riscv-none-embed/lib/rv32imac/ilp32\libc_nano.a
LOAD c:/mounriver/mrs_community/toolchain/risc-v embedded gcc/bin/../lib/gcc/riscv-none-embed/8.2.0/../../../../riscv-none-embed/lib/rv32imac/ilp32\libnosys.a
END GROUP
START GROUP
LOAD c:/mounriver/mrs_community/toolchain/risc-v embedded gcc/bin/../lib/gcc/riscv-none-embed/8.2.0/rv32imac/ilp32\libgcc.a
LOAD c:/mounriver/mrs_community/toolchain/risc-v embedded gcc/bin/../lib/gcc/riscv-none-embed/8.2.0/../../../../riscv-none-embed/lib/rv32imac/ilp32\libc_nano.a
LOAD c:/mounriver/mrs_community/toolchain/risc-v embedded gcc/bin/../lib/gcc/riscv-none-embed/8.2.0/../../../../riscv-none-embed/lib/rv32imac/ilp32\libnosys.a
END GROUP
                0x0000000000000800                __stack_size = 0x800
                [!provide]                        PROVIDE (_stack_size = __stack_size)

.init           0x0000000000000000        0x4
                0x0000000000000000                _sinit = .
                0x0000000000000000                . = ALIGN (0x4)
 *(SORT_NONE(.init))
 .init          0x0000000000000000        0x4 ./Startup/startup_ch32v30x_D8C.o
                0x0000000000000000                _start
                0x0000000000000004                . = ALIGN (0x4)
                0x0000000000000004                _einit = .

.vector         0x0000000000000004      0x1bc
 *(.vector)
 .vector        0x0000000000000004      0x1a0 ./Startup/startup_ch32v30x_D8C.o
                0x00000000000001c0                . = ALIGN (0x40)
 *fill*         0x00000000000001a4       0x1c 

.text           0x00000000000001c0     0xcc2c
                0x00000000000001c0                . = ALIGN (0x4)
 *(.text)
 .text          0x00000000000001c0       0x60 c:/mounriver/mrs_community/toolchain/risc-v embedded gcc/bin/../lib/gcc/riscv-none-embed/8.2.0/rv32imac/ilp32\libgcc.a(save-restore.o)
                0x00000000000001c0                __riscv_save_12
                0x00000000000001c8                __riscv_save_9
                0x00000000000001c8                __riscv_save_11
                0x00000000000001c8                __riscv_save_10
                0x00000000000001c8                __riscv_save_8
                0x00000000000001d6                __riscv_save_4
                0x00000000000001d6                __riscv_save_6
                0x00000000000001d6                __riscv_save_5
                0x00000000000001d6                __riscv_save_7
                0x00000000000001f0                __riscv_save_3
                0x00000000000001f0                __riscv_save_2
                0x00000000000001f0                __riscv_save_1
                0x00000000000001f0                __riscv_save_0
                0x00000000000001fc                __riscv_restore_12
                0x0000000000000200                __riscv_restore_11
                0x0000000000000200                __riscv_restore_9
                0x0000000000000200                __riscv_restore_10
                0x0000000000000200                __riscv_restore_8
                0x000000000000020a                __riscv_restore_5
                0x000000000000020a                __riscv_restore_7
                0x000000000000020a                __riscv_restore_6
                0x000000000000020a                __riscv_restore_4
                0x0000000000000214                __riscv_restore_3
                0x0000000000000214                __riscv_restore_0
                0x0000000000000214                __riscv_restore_2
                0x0000000000000214                __riscv_restore_1
 .text          0x0000000000000220       0xa8 c:/mounriver/mrs_community/toolchain/risc-v embedded gcc/bin/../lib/gcc/riscv-none-embed/8.2.0/../../../../riscv-none-embed/lib/rv32imac/ilp32\libg_nano.a(lib_a-memset.o)
                0x0000000000000220                memset
 .text          0x00000000000002c8      0x11e c:/mounriver/mrs_community/toolchain/risc-v embedded gcc/bin/../lib/gcc/riscv-none-embed/8.2.0/../../../../riscv-none-embed/lib/rv32imac/ilp32\libg_nano.a(lib_a-strcmp.o)
                0x00000000000002c8                strcmp
 *(.text.*)
 .text.ws_create_frame
                0x00000000000003e6       0x64 ./websocket/websocket.o
                0x00000000000003e6                ws_create_frame
 .text.ws_parse_frame
                0x000000000000044a      0x180 ./websocket/websocket.o
                0x000000000000044a                ws_parse_frame
 .text.ws_create_closing_frame
                0x00000000000005ca       0x1a ./websocket/websocket.o
                0x00000000000005ca                ws_create_closing_frame
 .text.ws_create_text_frame
                0x00000000000005e4       0x24 ./websocket/websocket.o
                0x00000000000005e4                ws_create_text_frame
 .text.ws_handshake
                0x0000000000000608      0x256 ./websocket/wshandshake.o
                0x0000000000000608                ws_handshake
 .text.SHA1Reset
                0x000000000000085e       0x50 ./sha1/sha1.o
                0x000000000000085e                SHA1Reset
 .text.SHA1ProcessMessageBlock
                0x00000000000008ae      0x1c0 ./sha1/sha1.o
                0x00000000000008ae                SHA1ProcessMessageBlock
 .text.SHA1Input
                0x0000000000000a6e       0x7c ./sha1/sha1.o
                0x0000000000000a6e                SHA1Input
 .text.SHA1PadMessage
                0x0000000000000aea       0xca ./sha1/sha1.o
                0x0000000000000aea                SHA1PadMessage
 .text.SHA1Result
                0x0000000000000bb4       0x62 ./sha1/sha1.o
                0x0000000000000bb4                SHA1Result
 .text.SHA1     0x0000000000000c16       0x24 ./sha1/sha1.o
                0x0000000000000c16                SHA1
 .text.base64_encode
                0x0000000000000c3a      0x156 ./base64/base64.o
                0x0000000000000c3a                base64_encode
 .text.NMI_Handler
                0x0000000000000d90        0x2 ./User/ch32v30x_it.o
                0x0000000000000d90                NMI_Handler
 .text.HardFault_Handler
                0x0000000000000d92       0x44 ./User/ch32v30x_it.o
                0x0000000000000d92                HardFault_Handler
 .text.EXTI9_5_IRQHandler
                0x0000000000000dd6       0x54 ./User/ch32v30x_it.o
                0x0000000000000dd6                EXTI9_5_IRQHandler
 .text.ETH_IRQHandler
                0x0000000000000e2a        0x8 ./User/ch32v30x_it.o
                0x0000000000000e2a                ETH_IRQHandler
 .text.TIM2_IRQHandler
                0x0000000000000e32       0x14 ./User/ch32v30x_it.o
                0x0000000000000e32                TIM2_IRQHandler
 .text.EXTI3_IRQHandler
                0x0000000000000e46       0x1e ./User/ch32v30x_it.o
                0x0000000000000e46                EXTI3_IRQHandler
 .text.SysTick_Handler
                0x0000000000000e64       0x34 ./User/ch32v30x_it.o
                0x0000000000000e64                SysTick_Handler
 .text.USART2_Putch
                0x0000000000000e98       0x26 ./User/main.o
                0x0000000000000e98                USART2_Putch
 .text.USART2_Print
                0x0000000000000ebe       0x26 ./User/main.o
                0x0000000000000ebe                USART2_Print
 .text.SysTick_Config
                0x0000000000000ee4       0x2a ./User/main.o
                0x0000000000000ee4                SysTick_Config
 .text.TIM2_Init
                0x0000000000000f0e       0x70 ./User/main.o
                0x0000000000000f0e                TIM2_Init
 .text.WCHNET_CreateHTTPSocket
                0x0000000000000f7e       0x38 ./User/main.o
                0x0000000000000f7e                WCHNET_CreateHTTPSocket
 .text.WCHNET_CreateMODBUSSocket
                0x0000000000000fb6       0x38 ./User/main.o
                0x0000000000000fb6                WCHNET_CreateMODBUSSocket
 .text.WCHNET_CreateWEBSOCKETSocket
                0x0000000000000fee       0x44 ./User/main.o
                0x0000000000000fee                WCHNET_CreateWEBSOCKETSocket
 .text.client_close
                0x0000000000001032       0x3e ./User/main.o
                0x0000000000001032                client_close
 .text.send_buff
                0x0000000000001070       0x32 ./User/main.o
                0x0000000000001070                send_buff
 .text.client_handler
                0x00000000000010a2      0x11a ./User/main.o
                0x00000000000010a2                client_handler
 .text.WCHNET_HandleSockInt
                0x00000000000011bc      0x168 ./User/main.o
                0x00000000000011bc                WCHNET_HandleSockInt
 .text.WCHNET_HandleGlobalInt
                0x0000000000001324       0x50 ./User/main.o
                0x0000000000001324                WCHNET_HandleGlobalInt
 .text.GPIOInit
                0x0000000000001374       0x50 ./User/main.o
                0x0000000000001374                GPIOInit
 .text.startup.main
                0x00000000000013c4      0x1a6 ./User/main.o
                0x00000000000013c4                main
 .text.SystemInit
                0x000000000000156a       0xfa ./User/system_ch32v30x.o
                0x000000000000156a                SystemInit
 .text.SystemCoreClockUpdate
                0x0000000000001664      0x12c ./User/system_ch32v30x.o
                0x0000000000001664                SystemCoreClockUpdate
 .text.vector_handler
                0x0000000000001790        0x2 ./Startup/startup_ch32v30x_D8C.o
                0x0000000000001790                EXTI2_IRQHandler
                0x0000000000001790                TIM8_TRG_COM_IRQHandler
                0x0000000000001790                TIM8_CC_IRQHandler
                0x0000000000001790                UART8_IRQHandler
                0x0000000000001790                TIM1_CC_IRQHandler
                0x0000000000001790                TIM6_IRQHandler
                0x0000000000001790                PVD_IRQHandler
                0x0000000000001790                SDIO_IRQHandler
                0x0000000000001790                TIM9_BRK_IRQHandler
                0x0000000000001790                DMA2_Channel8_IRQHandler
                0x0000000000001790                CAN2_RX1_IRQHandler
                0x0000000000001790                USBHS_IRQHandler
                0x0000000000001790                DMA2_Channel9_IRQHandler
                0x0000000000001790                TIM10_CC_IRQHandler
                0x0000000000001790                USBFS_IRQHandler
                0x0000000000001790                EXTI0_IRQHandler
                0x0000000000001790                I2C2_EV_IRQHandler
                0x0000000000001790                TIM10_TRG_COM_IRQHandler
                0x0000000000001790                CAN2_SCE_IRQHandler
                0x0000000000001790                ADC1_2_IRQHandler
                0x0000000000001790                Break_Point_Handler
                0x0000000000001790                SPI1_IRQHandler
                0x0000000000001790                TAMPER_IRQHandler
                0x0000000000001790                CAN2_RX0_IRQHandler
                0x0000000000001790                TIM8_UP_IRQHandler
                0x0000000000001790                Ecall_M_Mode_Handler
                0x0000000000001790                DMA2_Channel2_IRQHandler
                0x0000000000001790                DMA1_Channel4_IRQHandler
                0x0000000000001790                TIM9_UP_IRQHandler
                0x0000000000001790                USART3_IRQHandler
                0x0000000000001790                RTC_IRQHandler
                0x0000000000001790                DMA1_Channel7_IRQHandler
                0x0000000000001790                CAN1_RX1_IRQHandler
                0x0000000000001790                DVP_IRQHandler
                0x0000000000001790                UART5_IRQHandler
                0x0000000000001790                TIM4_IRQHandler
                0x0000000000001790                DMA2_Channel1_IRQHandler
                0x0000000000001790                I2C1_EV_IRQHandler
                0x0000000000001790                DMA1_Channel6_IRQHandler
                0x0000000000001790                UART4_IRQHandler
                0x0000000000001790                DMA2_Channel4_IRQHandler
                0x0000000000001790                TIM3_IRQHandler
                0x0000000000001790                RCC_IRQHandler
                0x0000000000001790                TIM1_TRG_COM_IRQHandler
                0x0000000000001790                DMA1_Channel1_IRQHandler
                0x0000000000001790                DMA2_Channel7_IRQHandler
                0x0000000000001790                EXTI15_10_IRQHandler
                0x0000000000001790                TIM7_IRQHandler
                0x0000000000001790                CAN2_TX_IRQHandler
                0x0000000000001790                TIM5_IRQHandler
                0x0000000000001790                ETH_WKUP_IRQHandler
                0x0000000000001790                SPI2_IRQHandler
                0x0000000000001790                TIM10_BRK_IRQHandler
                0x0000000000001790                TIM9_CC_IRQHandler
                0x0000000000001790                DMA2_Channel5_IRQHandler
                0x0000000000001790                DMA1_Channel5_IRQHandler
                0x0000000000001790                EXTI4_IRQHandler
                0x0000000000001790                USB_LP_CAN1_RX0_IRQHandler
                0x0000000000001790                RNG_IRQHandler
                0x0000000000001790                USB_HP_CAN1_TX_IRQHandler
                0x0000000000001790                DMA1_Channel3_IRQHandler
                0x0000000000001790                TIM1_UP_IRQHandler
                0x0000000000001790                WWDG_IRQHandler
                0x0000000000001790                USBHSWakeup_IRQHandler
                0x0000000000001790                DMA2_Channel11_IRQHandler
                0x0000000000001790                Ecall_U_Mode_Handler
                0x0000000000001790                DMA2_Channel6_IRQHandler
                0x0000000000001790                SW_Handler
                0x0000000000001790                TIM1_BRK_IRQHandler
                0x0000000000001790                DMA2_Channel10_IRQHandler
                0x0000000000001790                EXTI1_IRQHandler
                0x0000000000001790                RTCAlarm_IRQHandler
                0x0000000000001790                TIM10_UP_IRQHandler
                0x0000000000001790                TIM9_TRG_COM_IRQHandler
                0x0000000000001790                UART7_IRQHandler
                0x0000000000001790                USART2_IRQHandler
                0x0000000000001790                UART6_IRQHandler
                0x0000000000001790                I2C2_ER_IRQHandler
                0x0000000000001790                DMA1_Channel2_IRQHandler
                0x0000000000001790                TIM8_BRK_IRQHandler
                0x0000000000001790                CAN1_SCE_IRQHandler
                0x0000000000001790                FLASH_IRQHandler
                0x0000000000001790                USART1_IRQHandler
                0x0000000000001790                SPI3_IRQHandler
                0x0000000000001790                I2C1_ER_IRQHandler
                0x0000000000001790                USBWakeUp_IRQHandler
                0x0000000000001790                DMA2_Channel3_IRQHandler
 .text.handle_reset
                0x0000000000001792       0x8e ./Startup/startup_ch32v30x_D8C.o
                0x0000000000001792                handle_reset
 .text.DBGMCU_GetCHIPID
                0x0000000000001820        0xa ./Peripheral/src/ch32v30x_dbgmcu.o
                0x0000000000001820                DBGMCU_GetCHIPID
 .text.ETH_DeInit
                0x000000000000182a       0x14 ./Peripheral/src/ch32v30x_eth.o
                0x000000000000182a                ETH_DeInit
 .text.ETH_StructInit
                0x000000000000183e       0xd8 ./Peripheral/src/ch32v30x_eth.o
                0x000000000000183e                ETH_StructInit
 .text.ETH_ReadPHYRegister
                0x0000000000001916       0x58 ./Peripheral/src/ch32v30x_eth.o
                0x0000000000001916                ETH_ReadPHYRegister
 .text.ETH_WritePHYRegister
                0x000000000000196e       0x52 ./Peripheral/src/ch32v30x_eth.o
                0x000000000000196e                ETH_WritePHYRegister
 .text.ETH_DMATxDescChainInit
                0x00000000000019c0       0x42 ./Peripheral/src/ch32v30x_eth.o
                0x00000000000019c0                ETH_DMATxDescChainInit
 .text.ETH_DMARxDescChainInit
                0x0000000000001a02       0x4c ./Peripheral/src/ch32v30x_eth.o
                0x0000000000001a02                ETH_DMARxDescChainInit
 .text.ETH_SoftwareReset
                0x0000000000001a4e        0xe ./Peripheral/src/ch32v30x_eth.o
                0x0000000000001a4e                ETH_SoftwareReset
 .text.ETH_DMAClearITPendingBit
                0x0000000000001a5c        0x8 ./Peripheral/src/ch32v30x_eth.o
                0x0000000000001a5c                ETH_DMAClearITPendingBit
 .text.ETH_FlushTransmitFIFO
                0x0000000000001a64       0x10 ./Peripheral/src/ch32v30x_eth.o
                0x0000000000001a64                ETH_FlushTransmitFIFO
 .text.ETH_Start
                0x0000000000001a74       0x32 ./Peripheral/src/ch32v30x_eth.o
                0x0000000000001a74                ETH_Start
 .text.ETH_DMAITConfig
                0x0000000000001aa6       0x1e ./Peripheral/src/ch32v30x_eth.o
                0x0000000000001aa6                ETH_DMAITConfig
 .text.EXTI_GetITStatus
                0x0000000000001ac4       0x1e ./Peripheral/src/ch32v30x_exti.o
                0x0000000000001ac4                EXTI_GetITStatus
 .text.EXTI_ClearITPendingBit
                0x0000000000001ae2        0xa ./Peripheral/src/ch32v30x_exti.o
                0x0000000000001ae2                EXTI_ClearITPendingBit
 .text.GPIO_Init
                0x0000000000001aec       0xc2 ./Peripheral/src/ch32v30x_gpio.o
                0x0000000000001aec                GPIO_Init
 .text.GPIO_ReadInputDataBit
                0x0000000000001bae        0xa ./Peripheral/src/ch32v30x_gpio.o
                0x0000000000001bae                GPIO_ReadInputDataBit
 .text.GPIO_SetBits
                0x0000000000001bb8        0x4 ./Peripheral/src/ch32v30x_gpio.o
                0x0000000000001bb8                GPIO_SetBits
 .text.GPIO_ResetBits
                0x0000000000001bbc        0x4 ./Peripheral/src/ch32v30x_gpio.o
                0x0000000000001bbc                GPIO_ResetBits
 .text.RCC_GetClocksFreq
                0x0000000000001bc0      0x17e ./Peripheral/src/ch32v30x_rcc.o
                0x0000000000001bc0                RCC_GetClocksFreq
 .text.RCC_AHBPeriphClockCmd
                0x0000000000001d3e       0x1e ./Peripheral/src/ch32v30x_rcc.o
                0x0000000000001d3e                RCC_AHBPeriphClockCmd
 .text.RCC_APB2PeriphClockCmd
                0x0000000000001d5c       0x1e ./Peripheral/src/ch32v30x_rcc.o
                0x0000000000001d5c                RCC_APB2PeriphClockCmd
 .text.RCC_APB1PeriphClockCmd
                0x0000000000001d7a       0x1e ./Peripheral/src/ch32v30x_rcc.o
                0x0000000000001d7a                RCC_APB1PeriphClockCmd
 .text.RCC_GetFlagStatus
                0x0000000000001d98       0x2e ./Peripheral/src/ch32v30x_rcc.o
                0x0000000000001d98                RCC_GetFlagStatus
 .text.RCC_PREDIV2Config
                0x0000000000001dc6       0x10 ./Peripheral/src/ch32v30x_rcc.o
                0x0000000000001dc6                RCC_PREDIV2Config
 .text.RCC_PLL3Config
                0x0000000000001dd6       0x12 ./Peripheral/src/ch32v30x_rcc.o
                0x0000000000001dd6                RCC_PLL3Config
 .text.RCC_PLL3Cmd
                0x0000000000001de8       0x24 ./Peripheral/src/ch32v30x_rcc.o
                0x0000000000001de8                RCC_PLL3Cmd
 .text.RCC_AHBPeriphResetCmd
                0x0000000000001e0c       0x1e ./Peripheral/src/ch32v30x_rcc.o
                0x0000000000001e0c                RCC_AHBPeriphResetCmd
 .text.TIM_TimeBaseInit
                0x0000000000001e2a       0xc0 ./Peripheral/src/ch32v30x_tim.o
                0x0000000000001e2a                TIM_TimeBaseInit
 .text.TIM_Cmd  0x0000000000001eea       0x1c ./Peripheral/src/ch32v30x_tim.o
                0x0000000000001eea                TIM_Cmd
 .text.TIM_ITConfig
                0x0000000000001f06       0x16 ./Peripheral/src/ch32v30x_tim.o
                0x0000000000001f06                TIM_ITConfig
 .text.TIM_ClearITPendingBit
                0x0000000000001f1c        0xe ./Peripheral/src/ch32v30x_tim.o
                0x0000000000001f1c                TIM_ClearITPendingBit
 .text.USART_Init
                0x0000000000001f2a       0xa6 ./Peripheral/src/ch32v30x_usart.o
                0x0000000000001f2a                USART_Init
 .text.USART_Cmd
                0x0000000000001fd0       0x1c ./Peripheral/src/ch32v30x_usart.o
                0x0000000000001fd0                USART_Cmd
 .text.USART_SendData
                0x0000000000001fec        0xa ./Peripheral/src/ch32v30x_usart.o
                0x0000000000001fec                USART_SendData
 .text.USART_GetFlagStatus
                0x0000000000001ff6        0xc ./Peripheral/src/ch32v30x_usart.o
                0x0000000000001ff6                USART_GetFlagStatus
 .text.ETH_TxPktChainMode
                0x0000000000002002       0x40 ./NetLib/eth_driver_10M.o
                0x0000000000002002                ETH_TxPktChainMode
 .text.ETH_LedDataSet
                0x0000000000002042       0x22 ./NetLib/eth_driver_10M.o
                0x0000000000002042                ETH_LedDataSet
 .text.ETH_LedLinkSet
                0x0000000000002064       0x22 ./NetLib/eth_driver_10M.o
                0x0000000000002064                ETH_LedLinkSet
 .text.WCHNET_GetMacAddr
                0x0000000000002086       0x24 ./NetLib/eth_driver_10M.o
                0x0000000000002086                WCHNET_GetMacAddr
 .text.WCHNET_TimeIsr
                0x00000000000020aa        0xc ./NetLib/eth_driver_10M.o
                0x00000000000020aa                WCHNET_TimeIsr
 .text.WCHNET_PhyPNProcess
                0x00000000000020b6       0xaa ./NetLib/eth_driver_10M.o
                0x00000000000020b6                WCHNET_PhyPNProcess
 .text.WCHNET_LinkProcess
                0x0000000000002160      0x37c ./NetLib/eth_driver_10M.o
                0x0000000000002160                WCHNET_LinkProcess
 .text.WCHNET_HandlePhyNegotiation
                0x00000000000024dc      0x1a6 ./NetLib/eth_driver_10M.o
                0x00000000000024dc                WCHNET_HandlePhyNegotiation
 .text.ETH_LedConfiguration
                0x0000000000002682       0x46 ./NetLib/eth_driver_10M.o
                0x0000000000002682                ETH_LedConfiguration
 .text.ETH_SetClock
                0x00000000000026c8       0x2a ./NetLib/eth_driver_10M.o
                0x00000000000026c8                ETH_SetClock
 .text.ETH_LinkUpCfg
                0x00000000000026f2       0x56 ./NetLib/eth_driver_10M.o
                0x00000000000026f2                ETH_LinkUpCfg
 .text.ETH_PHYLink
                0x0000000000002748       0xf2 ./NetLib/eth_driver_10M.o
                0x0000000000002748                ETH_PHYLink
 .text.ReInitMACReg
                0x000000000000283a      0x27c ./NetLib/eth_driver_10M.o
                0x000000000000283a                ReInitMACReg
 .text.WCHNET_RecProcess
                0x0000000000002ab6       0x2c ./NetLib/eth_driver_10M.o
                0x0000000000002ab6                WCHNET_RecProcess
 .text.WCHNET_MainTask
                0x0000000000002ae2       0x16 ./NetLib/eth_driver_10M.o
                0x0000000000002ae2                WCHNET_MainTask
 .text.ETH_RegInit
                0x0000000000002af8       0xda ./NetLib/eth_driver_10M.o
                0x0000000000002af8                ETH_RegInit
 .text.ETH_Configuration
                0x0000000000002bd2       0xe8 ./NetLib/eth_driver_10M.o
                0x0000000000002bd2                ETH_Configuration
 .text.WCHNET_ETHIsr
                0x0000000000002cba       0x7e ./NetLib/eth_driver_10M.o
                0x0000000000002cba                WCHNET_ETHIsr
 .text.ETH_Init
                0x0000000000002d38       0x90 ./NetLib/eth_driver_10M.o
                0x0000000000002d38                ETH_Init
 .text.ETH_LibInit
                0x0000000000002dc8       0x86 ./NetLib/eth_driver_10M.o
                0x0000000000002dc8                ETH_LibInit
 .text.TCP_Exception_RSP
                0x0000000000002e4e       0x62 ./Modbus/ModbusTCP.o
                0x0000000000002e4e                TCP_Exception_RSP
 .text.TCP_RSP_01_02
                0x0000000000002eb0      0x20c ./Modbus/ModbusTCP.o
                0x0000000000002eb0                TCP_RSP_01_02
 .text.TCP_RSP_03_04
                0x00000000000030bc       0xe0 ./Modbus/ModbusTCP.o
                0x00000000000030bc                TCP_RSP_03_04
 .text.TCP_RSP_05
                0x000000000000319c       0xf4 ./Modbus/ModbusTCP.o
                0x000000000000319c                TCP_RSP_05
 .text.TCP_RSP_06
                0x0000000000003290       0xae ./Modbus/ModbusTCP.o
                0x0000000000003290                TCP_RSP_06
 .text.TCP_RSP_0F
                0x000000000000333e      0x174 ./Modbus/ModbusTCP.o
                0x000000000000333e                TCP_RSP_0F
 .text.TCP_RSP_10
                0x00000000000034b2       0xd0 ./Modbus/ModbusTCP.o
                0x00000000000034b2                TCP_RSP_10
 .text.MB_TCP_RSP
                0x0000000000003582       0x6a ./Modbus/ModbusTCP.o
                0x0000000000003582                MB_TCP_RSP
 .text.MB_Parse_Data
                0x00000000000035ec       0x98 ./Modbus/ModbusTCP.o
                0x00000000000035ec                MB_Parse_Data
 .text.Data_Send.part.0
                0x0000000000003684       0x32 ./HTTP/HTTPS.o
 .text.ParseHttpRequest
                0x00000000000036b6       0x70 ./HTTP/HTTPS.o
                0x00000000000036b6                ParseHttpRequest
 .text.ParseURLType
                0x0000000000003726       0x34 ./HTTP/HTTPS.o
                0x0000000000003726                ParseURLType
 .text.MakeHttpResponse
                0x000000000000375a       0x66 ./HTTP/HTTPS.o
                0x000000000000375a                MakeHttpResponse
 .text.copy_flash
                0x00000000000037c0       0x2c ./HTTP/HTTPS.o
                0x00000000000037c0                copy_flash
 .text.strFind  0x00000000000037ec       0x52 ./HTTP/HTTPS.o
                0x00000000000037ec                strFind
 .text.add_header
                0x000000000000383e       0x32 ./HTTP/HTTPS.o
                0x000000000000383e                add_header
 .text.Web_Server
                0x0000000000003870      0x1ee ./HTTP/HTTPS.o
                0x0000000000003870                Web_Server
 .text.USART_Printf_Init
                0x0000000000003a5e       0xc2 ./Debug/debug.o
                0x0000000000003a5e                USART_Printf_Init
 .text._write   0x0000000000003b20       0x3e ./Debug/debug.o
                0x0000000000003b20                _write
 .text._sbrk    0x0000000000003b5e       0x2a ./Debug/debug.o
                0x0000000000003b5e                _sbrk
 .text.__get_MEPC
                0x0000000000003b88        0x6 ./Core/core_riscv.o
                0x0000000000003b88                __get_MEPC
 .text.__get_MCAUSE
                0x0000000000003b8e        0x6 ./Core/core_riscv.o
                0x0000000000003b8e                __get_MCAUSE
 .text.__get_MTVAL
                0x0000000000003b94        0x6 ./Core/core_riscv.o
                0x0000000000003b94                __get_MTVAL
 .text.WCHNET_PeriodicHandle
                0x0000000000003b9a      0x1b8 C:\Users\Bogdan\mrs_community_workspace3\CH32V307JSONMODBUSWEBSOCKETAJAX\NetLib\libwchnet.a(eth_api.o)
                0x0000000000003b9a                WCHNET_PeriodicHandle
 .text.WCHNET_NetInput
                0x0000000000003d52       0x14 C:\Users\Bogdan\mrs_community_workspace3\CH32V307JSONMODBUSWEBSOCKETAJAX\NetLib\libwchnet.a(eth_api.o)
                0x0000000000003d52                WCHNET_NetInput
 .text.WCHNET_PhyStatus
                0x0000000000003d66       0x4e C:\Users\Bogdan\mrs_community_workspace3\CH32V307JSONMODBUSWEBSOCKETAJAX\NetLib\libwchnet.a(eth_api.o)
                0x0000000000003d66                WCHNET_PhyStatus
 .text.WCHNET_Rx
                0x0000000000003db4       0x96 C:\Users\Bogdan\mrs_community_workspace3\CH32V307JSONMODBUSWEBSOCKETAJAX\NetLib\libwchnet.a(eth_api.o)
                0x0000000000003db4                WCHNET_Rx
 .text.setRxBuffAddr
                0x0000000000003e4a       0x12 C:\Users\Bogdan\mrs_community_workspace3\CH32V307JSONMODBUSWEBSOCKETAJAX\NetLib\libwchnet.a(eth_api.o)
                0x0000000000003e4a                setRxBuffAddr
 .text.WCHNET_Tx
                0x0000000000003e5c       0x32 C:\Users\Bogdan\mrs_community_workspace3\CH32V307JSONMODBUSWEBSOCKETAJAX\NetLib\libwchnet.a(eth_api.o)
                0x0000000000003e5c                WCHNET_Tx
 .text.GetChipID
                0x0000000000003e8e        0xe C:\Users\Bogdan\mrs_community_workspace3\CH32V307JSONMODBUSWEBSOCKETAJAX\NetLib\libwchnet.a(eth_api.o)
                0x0000000000003e8e                GetChipID
 .text.getTxBuffAddr
                0x0000000000003e9c       0x6c C:\Users\Bogdan\mrs_community_workspace3\CH32V307JSONMODBUSWEBSOCKETAJAX\NetLib\libwchnet.a(eth_api.o)
                0x0000000000003e9c                getTxBuffAddr
 .text.IPCheckParaInit
                0x0000000000003f08       0x1e C:\Users\Bogdan\mrs_community_workspace3\CH32V307JSONMODBUSWEBSOCKETAJAX\NetLib\libwchnet.a(ipcheck.o)
                0x0000000000003f08                IPCheckParaInit
 .text.SelIPARPSend
                0x0000000000003f26       0x38 C:\Users\Bogdan\mrs_community_workspace3\CH32V307JSONMODBUSWEBSOCKETAJAX\NetLib\libwchnet.a(ipcheck.o)
                0x0000000000003f26                SelIPARPSend
 .text.IPCheckTmr
                0x0000000000003f5e       0x42 C:\Users\Bogdan\mrs_community_workspace3\CH32V307JSONMODBUSWEBSOCKETAJAX\NetLib\libwchnet.a(ipcheck.o)
                0x0000000000003f5e                IPCheckTmr
 .text.IPConflictHandle
                0x0000000000003fa0       0x2e C:\Users\Bogdan\mrs_community_workspace3\CH32V307JSONMODBUSWEBSOCKETAJAX\NetLib\libwchnet.a(ipcheck.o)
                0x0000000000003fa0                IPConflictHandle
 .text.NET_TCPError
                0x0000000000003fce        0x2 C:\Users\Bogdan\mrs_community_workspace3\CH32V307JSONMODBUSWEBSOCKETAJAX\NetLib\libwchnet.a(socket.o)
                0x0000000000003fce                NET_TCPError
 .text.LwipTCPSendCallBack
                0x0000000000003fd0       0x3e C:\Users\Bogdan\mrs_community_workspace3\CH32V307JSONMODBUSWEBSOCKETAJAX\NetLib\libwchnet.a(socket.o)
                0x0000000000003fd0                LwipTCPSendCallBack
 .text.LwipTCPPollCallBack
                0x000000000000400e        0x4 C:\Users\Bogdan\mrs_community_workspace3\CH32V307JSONMODBUSWEBSOCKETAJAX\NetLib\libwchnet.a(socket.o)
                0x000000000000400e                LwipTCPPollCallBack
 .text.SocketIPRAWReceive
                0x0000000000004012       0xc0 C:\Users\Bogdan\mrs_community_workspace3\CH32V307JSONMODBUSWEBSOCKETAJAX\NetLib\libwchnet.a(socket.o)
                0x0000000000004012                SocketIPRAWReceive
 .text.SocketUdpReceive
                0x00000000000040d2       0xd6 C:\Users\Bogdan\mrs_community_workspace3\CH32V307JSONMODBUSWEBSOCKETAJAX\NetLib\libwchnet.a(socket.o)
                0x00000000000040d2                SocketUdpReceive
 .text.WCHSocketTCPReceive
                0x00000000000041a8       0xdc C:\Users\Bogdan\mrs_community_workspace3\CH32V307JSONMODBUSWEBSOCKETAJAX\NetLib\libwchnet.a(socket.o)
                0x00000000000041a8                WCHSocketTCPReceive
 .text.WCHTCPServerAccept
                0x0000000000004284       0xc6 C:\Users\Bogdan\mrs_community_workspace3\CH32V307JSONMODBUSWEBSOCKETAJAX\NetLib\libwchnet.a(socket.o)
                0x0000000000004284                WCHTCPServerAccept
 .text.ErrorEncode
                0x000000000000434a       0x1a C:\Users\Bogdan\mrs_community_workspace3\CH32V307JSONMODBUSWEBSOCKETAJAX\NetLib\libwchnet.a(socket.o)
                0x000000000000434a                ErrorEncode
 .text.WCHSocketInit
                0x0000000000004364       0x4c C:\Users\Bogdan\mrs_community_workspace3\CH32V307JSONMODBUSWEBSOCKETAJAX\NetLib\libwchnet.a(socket.o)
                0x0000000000004364                WCHSocketInit
 .text.WCHNET_Init
                0x00000000000043b0       0xac C:\Users\Bogdan\mrs_community_workspace3\CH32V307JSONMODBUSWEBSOCKETAJAX\NetLib\libwchnet.a(socket.o)
                0x00000000000043b0                WCHNET_Init
 .text.WCHNET_ConfigLIB
                0x000000000000445c      0x130 C:\Users\Bogdan\mrs_community_workspace3\CH32V307JSONMODBUSWEBSOCKETAJAX\NetLib\libwchnet.a(socket.o)
                0x000000000000445c                WCHNET_ConfigLIB
 .text.WCHNET_GetVer
                0x000000000000458c        0x4 C:\Users\Bogdan\mrs_community_workspace3\CH32V307JSONMODBUSWEBSOCKETAJAX\NetLib\libwchnet.a(socket.o)
                0x000000000000458c                WCHNET_GetVer
 .text.WCHFindCorrectTCBPcb
                0x0000000000004590       0x5e C:\Users\Bogdan\mrs_community_workspace3\CH32V307JSONMODBUSWEBSOCKETAJAX\NetLib\libwchnet.a(socket.o)
                0x0000000000004590                WCHFindCorrectTCBPcb
 .text.WCHNET_SocketCreat
                0x00000000000045ee      0x1d2 C:\Users\Bogdan\mrs_community_workspace3\CH32V307JSONMODBUSWEBSOCKETAJAX\NetLib\libwchnet.a(socket.o)
                0x00000000000045ee                WCHNET_SocketCreat
 .text.tcp_recved_socket
                0x00000000000047c0       0x4a C:\Users\Bogdan\mrs_community_workspace3\CH32V307JSONMODBUSWEBSOCKETAJAX\NetLib\libwchnet.a(socket.o)
                0x00000000000047c0                tcp_recved_socket
 .text.WCHNET_ModifyRecvBuf
                0x000000000000480a       0x52 C:\Users\Bogdan\mrs_community_workspace3\CH32V307JSONMODBUSWEBSOCKETAJAX\NetLib\libwchnet.a(socket.o)
                0x000000000000480a                WCHNET_ModifyRecvBuf
 .text.WCHNET_SocketRecv
                0x000000000000485c       0xe8 C:\Users\Bogdan\mrs_community_workspace3\CH32V307JSONMODBUSWEBSOCKETAJAX\NetLib\libwchnet.a(socket.o)
                0x000000000000485c                WCHNET_SocketRecv
 .text.WCHNET_SocketRecvLen
                0x0000000000004944       0x26 C:\Users\Bogdan\mrs_community_workspace3\CH32V307JSONMODBUSWEBSOCKETAJAX\NetLib\libwchnet.a(socket.o)
                0x0000000000004944                WCHNET_SocketRecvLen
 .text.SocketIPRawSend
                0x000000000000496a       0xbe C:\Users\Bogdan\mrs_community_workspace3\CH32V307JSONMODBUSWEBSOCKETAJAX\NetLib\libwchnet.a(socket.o)
                0x000000000000496a                SocketIPRawSend
 .text.SocketUdpSend
                0x0000000000004a28       0xbe C:\Users\Bogdan\mrs_community_workspace3\CH32V307JSONMODBUSWEBSOCKETAJAX\NetLib\libwchnet.a(socket.o)
                0x0000000000004a28                SocketUdpSend
 .text.SocketTcpSend
                0x0000000000004ae6       0xf0 C:\Users\Bogdan\mrs_community_workspace3\CH32V307JSONMODBUSWEBSOCKETAJAX\NetLib\libwchnet.a(socket.o)
                0x0000000000004ae6                SocketTcpSend
 .text.WCHNET_SocketSend
                0x0000000000004bd6       0x56 C:\Users\Bogdan\mrs_community_workspace3\CH32V307JSONMODBUSWEBSOCKETAJAX\NetLib\libwchnet.a(socket.o)
                0x0000000000004bd6                WCHNET_SocketSend
 .text.WCHScokedIntHandle
                0x0000000000004c2c       0x52 C:\Users\Bogdan\mrs_community_workspace3\CH32V307JSONMODBUSWEBSOCKETAJAX\NetLib\libwchnet.a(socket.o)
                0x0000000000004c2c                WCHScokedIntHandle
 .text.LwipRemoveTcpPcb
                0x0000000000004c7e       0x9c C:\Users\Bogdan\mrs_community_workspace3\CH32V307JSONMODBUSWEBSOCKETAJAX\NetLib\libwchnet.a(socket.o)
                0x0000000000004c7e                LwipRemoveTcpPcb
 .text.WCHNET_QueryGlobalInt
                0x0000000000004d1a       0x3e C:\Users\Bogdan\mrs_community_workspace3\CH32V307JSONMODBUSWEBSOCKETAJAX\NetLib\libwchnet.a(socket.o)
                0x0000000000004d1a                WCHNET_QueryGlobalInt
 .text.WCHNET_GetGlobalInt
                0x0000000000004d58       0x14 C:\Users\Bogdan\mrs_community_workspace3\CH32V307JSONMODBUSWEBSOCKETAJAX\NetLib\libwchnet.a(socket.o)
                0x0000000000004d58                WCHNET_GetGlobalInt
 .text.WCHNET_GetSocketInt
                0x0000000000004d6c       0x2a C:\Users\Bogdan\mrs_community_workspace3\CH32V307JSONMODBUSWEBSOCKETAJAX\NetLib\libwchnet.a(socket.o)
                0x0000000000004d6c                WCHNET_GetSocketInt
 .text.WCHNET_GetPHYStatus
                0x0000000000004d96        0xa C:\Users\Bogdan\mrs_community_workspace3\CH32V307JSONMODBUSWEBSOCKETAJAX\NetLib\libwchnet.a(socket.o)
                0x0000000000004d96                WCHNET_GetPHYStatus
 .text.WCHNET_SocketListen
                0x0000000000004da0       0x6e C:\Users\Bogdan\mrs_community_workspace3\CH32V307JSONMODBUSWEBSOCKETAJAX\NetLib\libwchnet.a(socket.o)
                0x0000000000004da0                WCHNET_SocketListen
 .text.CloseUpdConnect
                0x0000000000004e0e       0x38 C:\Users\Bogdan\mrs_community_workspace3\CH32V307JSONMODBUSWEBSOCKETAJAX\NetLib\libwchnet.a(socket.o)
                0x0000000000004e0e                CloseUpdConnect
 .text.CloseIPRAWConnect
                0x0000000000004e46       0x38 C:\Users\Bogdan\mrs_community_workspace3\CH32V307JSONMODBUSWEBSOCKETAJAX\NetLib\libwchnet.a(socket.o)
                0x0000000000004e46                CloseIPRAWConnect
 .text.CloseTcpPCB
                0x0000000000004e7e       0x7e C:\Users\Bogdan\mrs_community_workspace3\CH32V307JSONMODBUSWEBSOCKETAJAX\NetLib\libwchnet.a(socket.o)
                0x0000000000004e7e                CloseTcpPCB
 .text.WCHNET_SocketClose
                0x0000000000004efc       0x60 C:\Users\Bogdan\mrs_community_workspace3\CH32V307JSONMODBUSWEBSOCKETAJAX\NetLib\libwchnet.a(socket.o)
                0x0000000000004efc                WCHNET_SocketClose
 .text.QueryPingEnable
                0x0000000000004f5c        0xe C:\Users\Bogdan\mrs_community_workspace3\CH32V307JSONMODBUSWEBSOCKETAJAX\NetLib\libwchnet.a(socket.o)
                0x0000000000004f5c                QueryPingEnable
 .text.LwipUnreachPort
                0x0000000000004f6a       0x1a C:\Users\Bogdan\mrs_community_workspace3\CH32V307JSONMODBUSWEBSOCKETAJAX\NetLib\libwchnet.a(socket.o)
                0x0000000000004f6a                LwipUnreachPort
 .text.LwipArpCheck
                0x0000000000004f84        0xc C:\Users\Bogdan\mrs_community_workspace3\CH32V307JSONMODBUSWEBSOCKETAJAX\NetLib\libwchnet.a(socket.o)
                0x0000000000004f84                LwipArpCheck
 .text.find_entry
                0x0000000000004f90      0x17e C:\Users\Bogdan\mrs_community_workspace3\CH32V307JSONMODBUSWEBSOCKETAJAX\NetLib\libwchnet.a(etharp.o)
 .text.update_arp_entry
                0x000000000000510e       0xb2 C:\Users\Bogdan\mrs_community_workspace3\CH32V307JSONMODBUSWEBSOCKETAJAX\NetLib\libwchnet.a(etharp.o)
 .text.etharp_tmr
                0x00000000000051c0       0x4e C:\Users\Bogdan\mrs_community_workspace3\CH32V307JSONMODBUSWEBSOCKETAJAX\NetLib\libwchnet.a(etharp.o)
                0x00000000000051c0                etharp_tmr
 .text.etharp_ip_input
                0x000000000000520e       0x5a C:\Users\Bogdan\mrs_community_workspace3\CH32V307JSONMODBUSWEBSOCKETAJAX\NetLib\libwchnet.a(etharp.o)
                0x000000000000520e                etharp_ip_input
 .text.etharp_arp_input
                0x0000000000005268      0x168 C:\Users\Bogdan\mrs_community_workspace3\CH32V307JSONMODBUSWEBSOCKETAJAX\NetLib\libwchnet.a(etharp.o)
                0x0000000000005268                etharp_arp_input
 .text.etharp_request
                0x00000000000053d0       0xce C:\Users\Bogdan\mrs_community_workspace3\CH32V307JSONMODBUSWEBSOCKETAJAX\NetLib\libwchnet.a(etharp.o)
                0x00000000000053d0                etharp_request
 .text.etharp_query
                0x000000000000549e       0xe2 C:\Users\Bogdan\mrs_community_workspace3\CH32V307JSONMODBUSWEBSOCKETAJAX\NetLib\libwchnet.a(etharp.o)
                0x000000000000549e                etharp_query
 .text.etharp_output
                0x0000000000005580      0x134 C:\Users\Bogdan\mrs_community_workspace3\CH32V307JSONMODBUSWEBSOCKETAJAX\NetLib\libwchnet.a(etharp.o)
                0x0000000000005580                etharp_output
 .text.ethernet_input
                0x00000000000056b4       0x86 C:\Users\Bogdan\mrs_community_workspace3\CH32V307JSONMODBUSWEBSOCKETAJAX\NetLib\libwchnet.a(etharp.o)
                0x00000000000056b4                ethernet_input
 .text.ethernetif_init
                0x000000000000573a       0x64 C:\Users\Bogdan\mrs_community_workspace3\CH32V307JSONMODBUSWEBSOCKETAJAX\NetLib\libwchnet.a(ethernetif.o)
                0x000000000000573a                ethernetif_init
 .text.low_level_output
                0x000000000000579e       0x52 C:\Users\Bogdan\mrs_community_workspace3\CH32V307JSONMODBUSWEBSOCKETAJAX\NetLib\libwchnet.a(ethernetif.o)
 .text.ethernetif_input
                0x00000000000057f0       0x70 C:\Users\Bogdan\mrs_community_workspace3\CH32V307JSONMODBUSWEBSOCKETAJAX\NetLib\libwchnet.a(ethernetif.o)
                0x00000000000057f0                ethernetif_input
 .text.wch_ethernetif_init
                0x0000000000005860       0x76 C:\Users\Bogdan\mrs_community_workspace3\CH32V307JSONMODBUSWEBSOCKETAJAX\NetLib\libwchnet.a(ethernetif.o)
                0x0000000000005860                wch_ethernetif_init
 .text.htons    0x00000000000058d6        0xe C:\Users\Bogdan\mrs_community_workspace3\CH32V307JSONMODBUSWEBSOCKETAJAX\NetLib\libwchnet.a(inet.o)
                0x00000000000058d6                htons
 .text.ntohs    0x00000000000058e4        0xe C:\Users\Bogdan\mrs_community_workspace3\CH32V307JSONMODBUSWEBSOCKETAJAX\NetLib\libwchnet.a(inet.o)
                0x00000000000058e4                ntohs
 .text.htonl    0x00000000000058f2       0x24 C:\Users\Bogdan\mrs_community_workspace3\CH32V307JSONMODBUSWEBSOCKETAJAX\NetLib\libwchnet.a(inet.o)
                0x00000000000058f2                htonl
 .text.ntohl    0x0000000000005916        0xc C:\Users\Bogdan\mrs_community_workspace3\CH32V307JSONMODBUSWEBSOCKETAJAX\NetLib\libwchnet.a(inet.o)
                0x0000000000005916                ntohl
 .text.ip_route
                0x0000000000005922       0x4c C:\Users\Bogdan\mrs_community_workspace3\CH32V307JSONMODBUSWEBSOCKETAJAX\NetLib\libwchnet.a(ip.o)
                0x0000000000005922                ip_route
 .text.ip_input
                0x000000000000596e      0x29a C:\Users\Bogdan\mrs_community_workspace3\CH32V307JSONMODBUSWEBSOCKETAJAX\NetLib\libwchnet.a(ip.o)
                0x000000000000596e                ip_input
 .text.ip_output_if
                0x0000000000005c08      0x15a C:\Users\Bogdan\mrs_community_workspace3\CH32V307JSONMODBUSWEBSOCKETAJAX\NetLib\libwchnet.a(ip.o)
                0x0000000000005c08                ip_output_if
 .text.ip_output
                0x0000000000005d62       0x36 C:\Users\Bogdan\mrs_community_workspace3\CH32V307JSONMODBUSWEBSOCKETAJAX\NetLib\libwchnet.a(ip.o)
                0x0000000000005d62                ip_output
 .text.ip_addr_isbroadcast
                0x0000000000005d98       0x4a C:\Users\Bogdan\mrs_community_workspace3\CH32V307JSONMODBUSWEBSOCKETAJAX\NetLib\libwchnet.a(ip_addr.o)
                0x0000000000005d98                ip_addr_isbroadcast
 .text.ip_reass_tmr
                0x0000000000005de2       0xe6 C:\Users\Bogdan\mrs_community_workspace3\CH32V307JSONMODBUSWEBSOCKETAJAX\NetLib\libwchnet.a(ip_frag.o)
                0x0000000000005de2                ip_reass_tmr
 .text.ip_reass
                0x0000000000005ec8      0x3dc C:\Users\Bogdan\mrs_community_workspace3\CH32V307JSONMODBUSWEBSOCKETAJAX\NetLib\libwchnet.a(ip_frag.o)
                0x0000000000005ec8                ip_reass
 .text.ip_frag  0x00000000000062a4      0x17e C:\Users\Bogdan\mrs_community_workspace3\CH32V307JSONMODBUSWEBSOCKETAJAX\NetLib\libwchnet.a(ip_frag.o)
                0x00000000000062a4                ip_frag
 .text.dhcp_set_state
                0x0000000000006422        0xe C:\Users\Bogdan\mrs_community_workspace3\CH32V307JSONMODBUSWEBSOCKETAJAX\NetLib\libwchnet.a(dhcp.o)
 .text.dhcp_option
                0x0000000000006430       0x20 C:\Users\Bogdan\mrs_community_workspace3\CH32V307JSONMODBUSWEBSOCKETAJAX\NetLib\libwchnet.a(dhcp.o)
 .text.dhcp_option_byte
                0x0000000000006450       0x12 C:\Users\Bogdan\mrs_community_workspace3\CH32V307JSONMODBUSWEBSOCKETAJAX\NetLib\libwchnet.a(dhcp.o)
 .text.dhcp_option_long
                0x0000000000006462       0x48 C:\Users\Bogdan\mrs_community_workspace3\CH32V307JSONMODBUSWEBSOCKETAJAX\NetLib\libwchnet.a(dhcp.o)
 .text.dhcp_option_trailer
                0x00000000000064aa       0x34 C:\Users\Bogdan\mrs_community_workspace3\CH32V307JSONMODBUSWEBSOCKETAJAX\NetLib\libwchnet.a(dhcp.o)
 .text.dhcp_create_request
                0x00000000000064de      0x17e C:\Users\Bogdan\mrs_community_workspace3\CH32V307JSONMODBUSWEBSOCKETAJAX\NetLib\libwchnet.a(dhcp.o)
 .text.dhcp_delete_request
                0x000000000000665c       0x1e C:\Users\Bogdan\mrs_community_workspace3\CH32V307JSONMODBUSWEBSOCKETAJAX\NetLib\libwchnet.a(dhcp.o)
 .text.dhcp_arp_reply
                0x000000000000667a      0x182 C:\Users\Bogdan\mrs_community_workspace3\CH32V307JSONMODBUSWEBSOCKETAJAX\NetLib\libwchnet.a(dhcp.o)
                0x000000000000667a                dhcp_arp_reply
 .text.lwip_init
                0x00000000000067fc       0x18 C:\Users\Bogdan\mrs_community_workspace3\CH32V307JSONMODBUSWEBSOCKETAJAX\NetLib\libwchnet.a(init.o)
                0x00000000000067fc                lwip_init
 .text.mem_init
                0x0000000000006814       0x3e C:\Users\Bogdan\mrs_community_workspace3\CH32V307JSONMODBUSWEBSOCKETAJAX\NetLib\libwchnet.a(mem.o)
                0x0000000000006814                mem_init
 .text.mem_free
                0x0000000000006852       0x84 C:\Users\Bogdan\mrs_community_workspace3\CH32V307JSONMODBUSWEBSOCKETAJAX\NetLib\libwchnet.a(mem.o)
                0x0000000000006852                mem_free
 .text.mem_realloc
                0x00000000000068d6       0xca C:\Users\Bogdan\mrs_community_workspace3\CH32V307JSONMODBUSWEBSOCKETAJAX\NetLib\libwchnet.a(mem.o)
                0x00000000000068d6                mem_realloc
 .text.mem_malloc
                0x00000000000069a0       0xd0 C:\Users\Bogdan\mrs_community_workspace3\CH32V307JSONMODBUSWEBSOCKETAJAX\NetLib\libwchnet.a(mem.o)
                0x00000000000069a0                mem_malloc
 .text.memp_init
                0x0000000000006a70       0x50 C:\Users\Bogdan\mrs_community_workspace3\CH32V307JSONMODBUSWEBSOCKETAJAX\NetLib\libwchnet.a(memp.o)
                0x0000000000006a70                memp_init
 .text.memp_malloc
                0x0000000000006ac0       0x20 C:\Users\Bogdan\mrs_community_workspace3\CH32V307JSONMODBUSWEBSOCKETAJAX\NetLib\libwchnet.a(memp.o)
                0x0000000000006ac0                memp_malloc
 .text.memp_free
                0x0000000000006ae0       0x18 C:\Users\Bogdan\mrs_community_workspace3\CH32V307JSONMODBUSWEBSOCKETAJAX\NetLib\libwchnet.a(memp.o)
                0x0000000000006ae0                memp_free
 .text.netif_set_ipaddr
                0x0000000000006af8       0x96 C:\Users\Bogdan\mrs_community_workspace3\CH32V307JSONMODBUSWEBSOCKETAJAX\NetLib\libwchnet.a(netif.o)
                0x0000000000006af8                netif_set_ipaddr
 .text.netif_set_addr
                0x0000000000006b8e       0x4e C:\Users\Bogdan\mrs_community_workspace3\CH32V307JSONMODBUSWEBSOCKETAJAX\NetLib\libwchnet.a(netif.o)
                0x0000000000006b8e                netif_set_addr
 .text.netif_add
                0x0000000000006bdc       0x5a C:\Users\Bogdan\mrs_community_workspace3\CH32V307JSONMODBUSWEBSOCKETAJAX\NetLib\libwchnet.a(netif.o)
                0x0000000000006bdc                netif_add
 .text.netif_set_default
                0x0000000000006c36        0x6 C:\Users\Bogdan\mrs_community_workspace3\CH32V307JSONMODBUSWEBSOCKETAJAX\NetLib\libwchnet.a(netif.o)
                0x0000000000006c36                netif_set_default
 .text.netif_is_up
                0x0000000000006c3c        0x8 C:\Users\Bogdan\mrs_community_workspace3\CH32V307JSONMODBUSWEBSOCKETAJAX\NetLib\libwchnet.a(netif.o)
                0x0000000000006c3c                netif_is_up
 .text.pbuf_header
                0x0000000000006c44       0x6e C:\Users\Bogdan\mrs_community_workspace3\CH32V307JSONMODBUSWEBSOCKETAJAX\NetLib\libwchnet.a(pbuf.o)
                0x0000000000006c44                pbuf_header
 .text.pbuf_free
                0x0000000000006cb2       0x4e C:\Users\Bogdan\mrs_community_workspace3\CH32V307JSONMODBUSWEBSOCKETAJAX\NetLib\libwchnet.a(pbuf.o)
                0x0000000000006cb2                pbuf_free
 .text.pbuf_alloc
                0x0000000000006d00      0x140 C:\Users\Bogdan\mrs_community_workspace3\CH32V307JSONMODBUSWEBSOCKETAJAX\NetLib\libwchnet.a(pbuf.o)
                0x0000000000006d00                pbuf_alloc
 .text.pbuf_realloc
                0x0000000000006e40       0x58 C:\Users\Bogdan\mrs_community_workspace3\CH32V307JSONMODBUSWEBSOCKETAJAX\NetLib\libwchnet.a(pbuf.o)
                0x0000000000006e40                pbuf_realloc
 .text.pbuf_clen
                0x0000000000006e98       0x12 C:\Users\Bogdan\mrs_community_workspace3\CH32V307JSONMODBUSWEBSOCKETAJAX\NetLib\libwchnet.a(pbuf.o)
                0x0000000000006e98                pbuf_clen
 .text.pbuf_ref
                0x0000000000006eaa        0xa C:\Users\Bogdan\mrs_community_workspace3\CH32V307JSONMODBUSWEBSOCKETAJAX\NetLib\libwchnet.a(pbuf.o)
                0x0000000000006eaa                pbuf_ref
 .text.pbuf_cat
                0x0000000000006eb4       0x1c C:\Users\Bogdan\mrs_community_workspace3\CH32V307JSONMODBUSWEBSOCKETAJAX\NetLib\libwchnet.a(pbuf.o)
                0x0000000000006eb4                pbuf_cat
 .text.pbuf_chain
                0x0000000000006ed0       0x14 C:\Users\Bogdan\mrs_community_workspace3\CH32V307JSONMODBUSWEBSOCKETAJAX\NetLib\libwchnet.a(pbuf.o)
                0x0000000000006ed0                pbuf_chain
 .text.pbuf_copy
                0x0000000000006ee4       0x9c C:\Users\Bogdan\mrs_community_workspace3\CH32V307JSONMODBUSWEBSOCKETAJAX\NetLib\libwchnet.a(pbuf.o)
                0x0000000000006ee4                pbuf_copy
 .text.raw_input
                0x0000000000006f80       0x68 C:\Users\Bogdan\mrs_community_workspace3\CH32V307JSONMODBUSWEBSOCKETAJAX\NetLib\libwchnet.a(raw.o)
                0x0000000000006f80                raw_input
 .text.raw_bind
                0x0000000000006fe8       0x1e C:\Users\Bogdan\mrs_community_workspace3\CH32V307JSONMODBUSWEBSOCKETAJAX\NetLib\libwchnet.a(raw.o)
                0x0000000000006fe8                raw_bind
 .text.raw_connect
                0x0000000000007006       0x1e C:\Users\Bogdan\mrs_community_workspace3\CH32V307JSONMODBUSWEBSOCKETAJAX\NetLib\libwchnet.a(raw.o)
                0x0000000000007006                raw_connect
 .text.raw_recv
                0x0000000000007024        0x6 C:\Users\Bogdan\mrs_community_workspace3\CH32V307JSONMODBUSWEBSOCKETAJAX\NetLib\libwchnet.a(raw.o)
                0x0000000000007024                raw_recv
 .text.raw_sendto
                0x000000000000702a       0x7e C:\Users\Bogdan\mrs_community_workspace3\CH32V307JSONMODBUSWEBSOCKETAJAX\NetLib\libwchnet.a(raw.o)
                0x000000000000702a                raw_sendto
 .text.raw_send
                0x00000000000070a8       0x10 C:\Users\Bogdan\mrs_community_workspace3\CH32V307JSONMODBUSWEBSOCKETAJAX\NetLib\libwchnet.a(raw.o)
                0x00000000000070a8                raw_send
 .text.raw_remove
                0x00000000000070b8       0x30 C:\Users\Bogdan\mrs_community_workspace3\CH32V307JSONMODBUSWEBSOCKETAJAX\NetLib\libwchnet.a(raw.o)
                0x00000000000070b8                raw_remove
 .text.raw_new  0x00000000000070e8       0x30 C:\Users\Bogdan\mrs_community_workspace3\CH32V307JSONMODBUSWEBSOCKETAJAX\NetLib\libwchnet.a(raw.o)
                0x00000000000070e8                raw_new
 .text.tcp_accept_null
                0x0000000000007118        0x4 C:\Users\Bogdan\mrs_community_workspace3\CH32V307JSONMODBUSWEBSOCKETAJAX\NetLib\libwchnet.a(tcp.o)
 .text.tcp_new_port
                0x000000000000711c       0x5c C:\Users\Bogdan\mrs_community_workspace3\CH32V307JSONMODBUSWEBSOCKETAJAX\NetLib\libwchnet.a(tcp.o)
 .text.tcp_bind
                0x0000000000007178      0x116 C:\Users\Bogdan\mrs_community_workspace3\CH32V307JSONMODBUSWEBSOCKETAJAX\NetLib\libwchnet.a(tcp.o)
                0x0000000000007178                tcp_bind
 .text.tcp_listen_with_backlog
                0x000000000000728e       0x9a C:\Users\Bogdan\mrs_community_workspace3\CH32V307JSONMODBUSWEBSOCKETAJAX\NetLib\libwchnet.a(tcp.o)
                0x000000000000728e                tcp_listen_with_backlog
 .text.tcp_update_rcv_ann_wnd
                0x0000000000007328       0x48 C:\Users\Bogdan\mrs_community_workspace3\CH32V307JSONMODBUSWEBSOCKETAJAX\NetLib\libwchnet.a(tcp.o)
                0x0000000000007328                tcp_update_rcv_ann_wnd
 .text.tcp_recved
                0x0000000000007370       0x3c C:\Users\Bogdan\mrs_community_workspace3\CH32V307JSONMODBUSWEBSOCKETAJAX\NetLib\libwchnet.a(tcp.o)
                0x0000000000007370                tcp_recved
 .text.tcp_seg_free
                0x00000000000073ac       0x2a C:\Users\Bogdan\mrs_community_workspace3\CH32V307JSONMODBUSWEBSOCKETAJAX\NetLib\libwchnet.a(tcp.o)
                0x00000000000073ac                tcp_seg_free
 .text.tcp_segs_free
                0x00000000000073d6       0x1e C:\Users\Bogdan\mrs_community_workspace3\CH32V307JSONMODBUSWEBSOCKETAJAX\NetLib\libwchnet.a(tcp.o)
                0x00000000000073d6                tcp_segs_free
 .text.tcp_seg_copy
                0x00000000000073f4       0x28 C:\Users\Bogdan\mrs_community_workspace3\CH32V307JSONMODBUSWEBSOCKETAJAX\NetLib\libwchnet.a(tcp.o)
                0x00000000000073f4                tcp_seg_copy
 .text.tcp_arg  0x000000000000741c        0x4 C:\Users\Bogdan\mrs_community_workspace3\CH32V307JSONMODBUSWEBSOCKETAJAX\NetLib\libwchnet.a(tcp.o)
                0x000000000000741c                tcp_arg
 .text.tcp_recv
                0x0000000000007420        0x6 C:\Users\Bogdan\mrs_community_workspace3\CH32V307JSONMODBUSWEBSOCKETAJAX\NetLib\libwchnet.a(tcp.o)
                0x0000000000007420                tcp_recv
 .text.tcp_sent
                0x0000000000007426        0x6 C:\Users\Bogdan\mrs_community_workspace3\CH32V307JSONMODBUSWEBSOCKETAJAX\NetLib\libwchnet.a(tcp.o)
                0x0000000000007426                tcp_sent
 .text.tcp_err  0x000000000000742c        0x6 C:\Users\Bogdan\mrs_community_workspace3\CH32V307JSONMODBUSWEBSOCKETAJAX\NetLib\libwchnet.a(tcp.o)
                0x000000000000742c                tcp_err
 .text.tcp_accept
                0x0000000000007432        0x4 C:\Users\Bogdan\mrs_community_workspace3\CH32V307JSONMODBUSWEBSOCKETAJAX\NetLib\libwchnet.a(tcp.o)
                0x0000000000007432                tcp_accept
 .text.tcp_poll
                0x0000000000007436        0xa C:\Users\Bogdan\mrs_community_workspace3\CH32V307JSONMODBUSWEBSOCKETAJAX\NetLib\libwchnet.a(tcp.o)
                0x0000000000007436                tcp_poll
 .text.tcp_pcb_purge
                0x0000000000007440       0x4e C:\Users\Bogdan\mrs_community_workspace3\CH32V307JSONMODBUSWEBSOCKETAJAX\NetLib\libwchnet.a(tcp.o)
                0x0000000000007440                tcp_pcb_purge
 .text.tcp_slowtmr
                0x000000000000748e      0x2ba C:\Users\Bogdan\mrs_community_workspace3\CH32V307JSONMODBUSWEBSOCKETAJAX\NetLib\libwchnet.a(tcp.o)
                0x000000000000748e                tcp_slowtmr
 .text.tcp_pcb_remove
                0x0000000000007748       0x72 C:\Users\Bogdan\mrs_community_workspace3\CH32V307JSONMODBUSWEBSOCKETAJAX\NetLib\libwchnet.a(tcp.o)
                0x0000000000007748                tcp_pcb_remove
 .text.tcp_close
                0x00000000000077ba       0xb2 C:\Users\Bogdan\mrs_community_workspace3\CH32V307JSONMODBUSWEBSOCKETAJAX\NetLib\libwchnet.a(tcp.o)
                0x00000000000077ba                tcp_close
 .text.tcp_recv_null
                0x000000000000786c       0x30 C:\Users\Bogdan\mrs_community_workspace3\CH32V307JSONMODBUSWEBSOCKETAJAX\NetLib\libwchnet.a(tcp.o)
                0x000000000000786c                tcp_recv_null
 .text.tcp_fasttmr
                0x000000000000789c       0x62 C:\Users\Bogdan\mrs_community_workspace3\CH32V307JSONMODBUSWEBSOCKETAJAX\NetLib\libwchnet.a(tcp.o)
                0x000000000000789c                tcp_fasttmr
 .text.tcp_tmr  0x00000000000078fe       0x22 C:\Users\Bogdan\mrs_community_workspace3\CH32V307JSONMODBUSWEBSOCKETAJAX\NetLib\libwchnet.a(tcp.o)
                0x00000000000078fe                tcp_tmr
 .text.tcp_fastsendack
                0x0000000000007920       0x7c C:\Users\Bogdan\mrs_community_workspace3\CH32V307JSONMODBUSWEBSOCKETAJAX\NetLib\libwchnet.a(tcp.o)
                0x0000000000007920                tcp_fastsendack
 .text.tcp_abandon
                0x000000000000799c       0x9a C:\Users\Bogdan\mrs_community_workspace3\CH32V307JSONMODBUSWEBSOCKETAJAX\NetLib\libwchnet.a(tcp.o)
                0x000000000000799c                tcp_abandon
 .text.tcp_next_iss
                0x0000000000007a36       0x10 C:\Users\Bogdan\mrs_community_workspace3\CH32V307JSONMODBUSWEBSOCKETAJAX\NetLib\libwchnet.a(tcp.o)
                0x0000000000007a36                tcp_next_iss
 .text.tcp_alloc
                0x0000000000007a46      0x134 C:\Users\Bogdan\mrs_community_workspace3\CH32V307JSONMODBUSWEBSOCKETAJAX\NetLib\libwchnet.a(tcp.o)
                0x0000000000007a46                tcp_alloc
 .text.tcp_new  0x0000000000007b7a       0x10 C:\Users\Bogdan\mrs_community_workspace3\CH32V307JSONMODBUSWEBSOCKETAJAX\NetLib\libwchnet.a(tcp.o)
                0x0000000000007b7a                tcp_new
 .text.tcp_eff_send_mss
                0x0000000000007b8a       0x2e C:\Users\Bogdan\mrs_community_workspace3\CH32V307JSONMODBUSWEBSOCKETAJAX\NetLib\libwchnet.a(tcp.o)
                0x0000000000007b8a                tcp_eff_send_mss
 .text.RemoveTimeWaiTCP
                0x0000000000007bb8       0x32 C:\Users\Bogdan\mrs_community_workspace3\CH32V307JSONMODBUSWEBSOCKETAJAX\NetLib\libwchnet.a(tcp.o)
                0x0000000000007bb8                RemoveTimeWaiTCP
 .text.tcp_oos_insert_segment
                0x0000000000007bea       0xce C:\Users\Bogdan\mrs_community_workspace3\CH32V307JSONMODBUSWEBSOCKETAJAX\NetLib\libwchnet.a(tcp_in.o)
 .text.tcp_receive
                0x0000000000007cb8      0x8f0 C:\Users\Bogdan\mrs_community_workspace3\CH32V307JSONMODBUSWEBSOCKETAJAX\NetLib\libwchnet.a(tcp_in.o)
 .text.tcp_parseopt.isra.0
                0x00000000000085a8       0xa6 C:\Users\Bogdan\mrs_community_workspace3\CH32V307JSONMODBUSWEBSOCKETAJAX\NetLib\libwchnet.a(tcp_in.o)
 .text.tcp_input
                0x000000000000864e      0x9d6 C:\Users\Bogdan\mrs_community_workspace3\CH32V307JSONMODBUSWEBSOCKETAJAX\NetLib\libwchnet.a(tcp_in.o)
                0x000000000000864e                tcp_input
 .text.tcp_output_set_header.isra.0.constprop.1
                0x0000000000009024       0xd4 C:\Users\Bogdan\mrs_community_workspace3\CH32V307JSONMODBUSWEBSOCKETAJAX\NetLib\libwchnet.a(tcp_out.o)
 .text.tcp_enqueue
                0x00000000000090f8      0x448 C:\Users\Bogdan\mrs_community_workspace3\CH32V307JSONMODBUSWEBSOCKETAJAX\NetLib\libwchnet.a(tcp_out.o)
                0x00000000000090f8                tcp_enqueue
 .text.tcp_send_ctrl
                0x0000000000009540       0x16 C:\Users\Bogdan\mrs_community_workspace3\CH32V307JSONMODBUSWEBSOCKETAJAX\NetLib\libwchnet.a(tcp_out.o)
                0x0000000000009540                tcp_send_ctrl
 .text.tcp_write
                0x0000000000009556       0x30 C:\Users\Bogdan\mrs_community_workspace3\CH32V307JSONMODBUSWEBSOCKETAJAX\NetLib\libwchnet.a(tcp_out.o)
                0x0000000000009556                tcp_write
 .text.tcp_send_empty_ack
                0x0000000000009586       0x70 C:\Users\Bogdan\mrs_community_workspace3\CH32V307JSONMODBUSWEBSOCKETAJAX\NetLib\libwchnet.a(tcp_out.o)
                0x0000000000009586                tcp_send_empty_ack
 .text.tcp_output
                0x00000000000095f6      0x368 C:\Users\Bogdan\mrs_community_workspace3\CH32V307JSONMODBUSWEBSOCKETAJAX\NetLib\libwchnet.a(tcp_out.o)
                0x00000000000095f6                tcp_output
 .text.tcp_rst  0x000000000000995e      0x108 C:\Users\Bogdan\mrs_community_workspace3\CH32V307JSONMODBUSWEBSOCKETAJAX\NetLib\libwchnet.a(tcp_out.o)
                0x000000000000995e                tcp_rst
 .text.tcp_rexmit_rto
                0x0000000000009a66       0x36 C:\Users\Bogdan\mrs_community_workspace3\CH32V307JSONMODBUSWEBSOCKETAJAX\NetLib\libwchnet.a(tcp_out.o)
                0x0000000000009a66                tcp_rexmit_rto
 .text.tcp_rexmit
                0x0000000000009a9c       0x7c C:\Users\Bogdan\mrs_community_workspace3\CH32V307JSONMODBUSWEBSOCKETAJAX\NetLib\libwchnet.a(tcp_out.o)
                0x0000000000009a9c                tcp_rexmit
 .text.tcp_rexmit_fast
                0x0000000000009b18       0x62 C:\Users\Bogdan\mrs_community_workspace3\CH32V307JSONMODBUSWEBSOCKETAJAX\NetLib\libwchnet.a(tcp_out.o)
                0x0000000000009b18                tcp_rexmit_fast
 .text.tcp_keepalive
                0x0000000000009b7a       0x5e C:\Users\Bogdan\mrs_community_workspace3\CH32V307JSONMODBUSWEBSOCKETAJAX\NetLib\libwchnet.a(tcp_out.o)
                0x0000000000009b7a                tcp_keepalive
 .text.tcp_zero_window_probe
                0x0000000000009bd8       0xd2 C:\Users\Bogdan\mrs_community_workspace3\CH32V307JSONMODBUSWEBSOCKETAJAX\NetLib\libwchnet.a(tcp_out.o)
                0x0000000000009bd8                tcp_zero_window_probe
 .text.udp_input
                0x0000000000009caa      0x238 C:\Users\Bogdan\mrs_community_workspace3\CH32V307JSONMODBUSWEBSOCKETAJAX\NetLib\libwchnet.a(udp.o)
                0x0000000000009caa                udp_input
 .text.udp_bind
                0x0000000000009ee2       0x9a C:\Users\Bogdan\mrs_community_workspace3\CH32V307JSONMODBUSWEBSOCKETAJAX\NetLib\libwchnet.a(udp.o)
                0x0000000000009ee2                udp_bind
 .text.udp_sendto_if
                0x0000000000009f7c       0xd6 C:\Users\Bogdan\mrs_community_workspace3\CH32V307JSONMODBUSWEBSOCKETAJAX\NetLib\libwchnet.a(udp.o)
                0x0000000000009f7c                udp_sendto_if
 .text.udp_sendto
                0x000000000000a052       0x2e C:\Users\Bogdan\mrs_community_workspace3\CH32V307JSONMODBUSWEBSOCKETAJAX\NetLib\libwchnet.a(udp.o)
                0x000000000000a052                udp_sendto
 .text.udp_send
                0x000000000000a080       0x12 C:\Users\Bogdan\mrs_community_workspace3\CH32V307JSONMODBUSWEBSOCKETAJAX\NetLib\libwchnet.a(udp.o)
                0x000000000000a080                udp_send
 .text.udp_connect
                0x000000000000a092       0x7e C:\Users\Bogdan\mrs_community_workspace3\CH32V307JSONMODBUSWEBSOCKETAJAX\NetLib\libwchnet.a(udp.o)
                0x000000000000a092                udp_connect
 .text.udp_recv
                0x000000000000a110        0x6 C:\Users\Bogdan\mrs_community_workspace3\CH32V307JSONMODBUSWEBSOCKETAJAX\NetLib\libwchnet.a(udp.o)
                0x000000000000a110                udp_recv
 .text.udp_remove
                0x000000000000a116       0x30 C:\Users\Bogdan\mrs_community_workspace3\CH32V307JSONMODBUSWEBSOCKETAJAX\NetLib\libwchnet.a(udp.o)
                0x000000000000a116                udp_remove
 .text.udp_new  0x000000000000a146       0x24 C:\Users\Bogdan\mrs_community_workspace3\CH32V307JSONMODBUSWEBSOCKETAJAX\NetLib\libwchnet.a(udp.o)
                0x000000000000a146                udp_new
 .text.icmp_send_response.isra.0
                0x000000000000a16a       0x74 C:\Users\Bogdan\mrs_community_workspace3\CH32V307JSONMODBUSWEBSOCKETAJAX\NetLib\libwchnet.a(icmp.o)
 .text.icmp_input
                0x000000000000a1de      0x250 C:\Users\Bogdan\mrs_community_workspace3\CH32V307JSONMODBUSWEBSOCKETAJAX\NetLib\libwchnet.a(icmp.o)
                0x000000000000a1de                icmp_input
 .text.icmp_dest_unreach
                0x000000000000a42e       0x14 C:\Users\Bogdan\mrs_community_workspace3\CH32V307JSONMODBUSWEBSOCKETAJAX\NetLib\libwchnet.a(icmp.o)
                0x000000000000a42e                icmp_dest_unreach
 .text.icmp_time_exceeded
                0x000000000000a442       0x14 C:\Users\Bogdan\mrs_community_workspace3\CH32V307JSONMODBUSWEBSOCKETAJAX\NetLib\libwchnet.a(icmp.o)
                0x000000000000a442                icmp_time_exceeded
 .text.lwip_standard_chksum
                0x000000000000a456       0x7e C:\Users\Bogdan\mrs_community_workspace3\CH32V307JSONMODBUSWEBSOCKETAJAX\NetLib\libwchnet.a(inet_chksum.o)
 .text.inet_chksum_pseudo
                0x000000000000a4d4      0x10a C:\Users\Bogdan\mrs_community_workspace3\CH32V307JSONMODBUSWEBSOCKETAJAX\NetLib\libwchnet.a(inet_chksum.o)
                0x000000000000a4d4                inet_chksum_pseudo
 .text.inet_chksum
                0x000000000000a5de       0x14 C:\Users\Bogdan\mrs_community_workspace3\CH32V307JSONMODBUSWEBSOCKETAJAX\NetLib\libwchnet.a(inet_chksum.o)
                0x000000000000a5de                inet_chksum
 .text.inet_chksum_pbuf
                0x000000000000a5f2       0x6a C:\Users\Bogdan\mrs_community_workspace3\CH32V307JSONMODBUSWEBSOCKETAJAX\NetLib\libwchnet.a(inet_chksum.o)
                0x000000000000a5f2                inet_chksum_pbuf
 .text.atoi     0x000000000000a65c        0x6 c:/mounriver/mrs_community/toolchain/risc-v embedded gcc/bin/../lib/gcc/riscv-none-embed/8.2.0/../../../../riscv-none-embed/lib/rv32imac/ilp32\libg_nano.a(lib_a-atoi.o)
                0x000000000000a65c                atoi
 .text.memcpy   0x000000000000a662       0xb6 c:/mounriver/mrs_community/toolchain/risc-v embedded gcc/bin/../lib/gcc/riscv-none-embed/8.2.0/../../../../riscv-none-embed/lib/rv32imac/ilp32\libg_nano.a(lib_a-memcpy.o)
                0x000000000000a662                memcpy
 .text.printf   0x000000000000a718       0x42 c:/mounriver/mrs_community/toolchain/risc-v embedded gcc/bin/../lib/gcc/riscv-none-embed/8.2.0/../../../../riscv-none-embed/lib/rv32imac/ilp32\libg_nano.a(lib_a-printf.o)
                0x000000000000a718                iprintf
                0x000000000000a718                printf
 .text.putchar  0x000000000000a75a       0x2c c:/mounriver/mrs_community/toolchain/risc-v embedded gcc/bin/../lib/gcc/riscv-none-embed/8.2.0/../../../../riscv-none-embed/lib/rv32imac/ilp32\libg_nano.a(lib_a-putchar.o)
                0x000000000000a75a                putchar
 .text._puts_r  0x000000000000a786       0xde c:/mounriver/mrs_community/toolchain/risc-v embedded gcc/bin/../lib/gcc/riscv-none-embed/8.2.0/../../../../riscv-none-embed/lib/rv32imac/ilp32\libg_nano.a(lib_a-puts.o)
                0x000000000000a786                _puts_r
 .text.puts     0x000000000000a864        0xc c:/mounriver/mrs_community/toolchain/risc-v embedded gcc/bin/../lib/gcc/riscv-none-embed/8.2.0/../../../../riscv-none-embed/lib/rv32imac/ilp32\libg_nano.a(lib_a-puts.o)
                0x000000000000a864                puts
 .text.snprintf
                0x000000000000a870       0x70 c:/mounriver/mrs_community/toolchain/risc-v embedded gcc/bin/../lib/gcc/riscv-none-embed/8.2.0/../../../../riscv-none-embed/lib/rv32imac/ilp32\libg_nano.a(lib_a-snprintf.o)
                0x000000000000a870                sniprintf
                0x000000000000a870                snprintf
 .text.sprintf  0x000000000000a8e0       0x46 c:/mounriver/mrs_community/toolchain/risc-v embedded gcc/bin/../lib/gcc/riscv-none-embed/8.2.0/../../../../riscv-none-embed/lib/rv32imac/ilp32\libg_nano.a(lib_a-sprintf.o)
                0x000000000000a8e0                siprintf
                0x000000000000a8e0                sprintf
 .text.strcat   0x000000000000a926       0x20 c:/mounriver/mrs_community/toolchain/risc-v embedded gcc/bin/../lib/gcc/riscv-none-embed/8.2.0/../../../../riscv-none-embed/lib/rv32imac/ilp32\libg_nano.a(lib_a-strcat.o)
                0x000000000000a926                strcat
 .text.strchr   0x000000000000a946       0x1a c:/mounriver/mrs_community/toolchain/risc-v embedded gcc/bin/../lib/gcc/riscv-none-embed/8.2.0/../../../../riscv-none-embed/lib/rv32imac/ilp32\libg_nano.a(lib_a-strchr.o)
                0x000000000000a946                strchr
 .text.strcpy   0x000000000000a960       0x12 c:/mounriver/mrs_community/toolchain/risc-v embedded gcc/bin/../lib/gcc/riscv-none-embed/8.2.0/../../../../riscv-none-embed/lib/rv32imac/ilp32\libg_nano.a(lib_a-strcpy.o)
                0x000000000000a960                strcpy
 .text.strlen   0x000000000000a972       0x12 c:/mounriver/mrs_community/toolchain/risc-v embedded gcc/bin/../lib/gcc/riscv-none-embed/8.2.0/../../../../riscv-none-embed/lib/rv32imac/ilp32\libg_nano.a(lib_a-strlen.o)
                0x000000000000a972                strlen
 .text.strstr   0x000000000000a984       0x3e c:/mounriver/mrs_community/toolchain/risc-v embedded gcc/bin/../lib/gcc/riscv-none-embed/8.2.0/../../../../riscv-none-embed/lib/rv32imac/ilp32\libg_nano.a(lib_a-strstr.o)
                0x000000000000a984                strstr
 .text.strtok   0x000000000000a9c2       0x7e c:/mounriver/mrs_community/toolchain/risc-v embedded gcc/bin/../lib/gcc/riscv-none-embed/8.2.0/../../../../riscv-none-embed/lib/rv32imac/ilp32\libg_nano.a(lib_a-strtok.o)
                0x000000000000a9c2                strtok
 .text.__strtok_r
                0x000000000000aa40       0x5c c:/mounriver/mrs_community/toolchain/risc-v embedded gcc/bin/../lib/gcc/riscv-none-embed/8.2.0/../../../../riscv-none-embed/lib/rv32imac/ilp32\libg_nano.a(lib_a-strtok_r.o)
                0x000000000000aa40                __strtok_r
 .text._strtol_l.isra.0
                0x000000000000aa9c      0x142 c:/mounriver/mrs_community/toolchain/risc-v embedded gcc/bin/../lib/gcc/riscv-none-embed/8.2.0/../../../../riscv-none-embed/lib/rv32imac/ilp32\libg_nano.a(lib_a-strtol.o)
 .text.strtol   0x000000000000abde       0x1e c:/mounriver/mrs_community/toolchain/risc-v embedded gcc/bin/../lib/gcc/riscv-none-embed/8.2.0/../../../../riscv-none-embed/lib/rv32imac/ilp32\libg_nano.a(lib_a-strtol.o)
                0x000000000000abde                strtol
 .text.__swbuf_r
                0x000000000000abfc       0xc0 c:/mounriver/mrs_community/toolchain/risc-v embedded gcc/bin/../lib/gcc/riscv-none-embed/8.2.0/../../../../riscv-none-embed/lib/rv32imac/ilp32\libg_nano.a(lib_a-wbuf.o)
                0x000000000000abfc                __swbuf_r
 .text.__swsetup_r
                0x000000000000acbc      0x10c c:/mounriver/mrs_community/toolchain/risc-v embedded gcc/bin/../lib/gcc/riscv-none-embed/8.2.0/../../../../riscv-none-embed/lib/rv32imac/ilp32\libg_nano.a(lib_a-wsetup.o)
                0x000000000000acbc                __swsetup_r
 .text.__sflush_r
                0x000000000000adc8      0x13c c:/mounriver/mrs_community/toolchain/risc-v embedded gcc/bin/../lib/gcc/riscv-none-embed/8.2.0/../../../../riscv-none-embed/lib/rv32imac/ilp32\libg_nano.a(lib_a-fflush.o)
                0x000000000000adc8                __sflush_r
 .text._fflush_r
                0x000000000000af04       0x66 c:/mounriver/mrs_community/toolchain/risc-v embedded gcc/bin/../lib/gcc/riscv-none-embed/8.2.0/../../../../riscv-none-embed/lib/rv32imac/ilp32\libg_nano.a(lib_a-fflush.o)
                0x000000000000af04                _fflush_r
 .text.std      0x000000000000af6a       0x6a c:/mounriver/mrs_community/toolchain/risc-v embedded gcc/bin/../lib/gcc/riscv-none-embed/8.2.0/../../../../riscv-none-embed/lib/rv32imac/ilp32\libg_nano.a(lib_a-findfp.o)
 .text._cleanup_r
                0x000000000000afd4        0xa c:/mounriver/mrs_community/toolchain/risc-v embedded gcc/bin/../lib/gcc/riscv-none-embed/8.2.0/../../../../riscv-none-embed/lib/rv32imac/ilp32\libg_nano.a(lib_a-findfp.o)
                0x000000000000afd4                _cleanup_r
 .text.__sfmoreglue
                0x000000000000afde       0x46 c:/mounriver/mrs_community/toolchain/risc-v embedded gcc/bin/../lib/gcc/riscv-none-embed/8.2.0/../../../../riscv-none-embed/lib/rv32imac/ilp32\libg_nano.a(lib_a-findfp.o)
                0x000000000000afde                __sfmoreglue
 .text.__sinit  0x000000000000b024       0x6c c:/mounriver/mrs_community/toolchain/risc-v embedded gcc/bin/../lib/gcc/riscv-none-embed/8.2.0/../../../../riscv-none-embed/lib/rv32imac/ilp32\libg_nano.a(lib_a-findfp.o)
                0x000000000000b024                __sinit
 .text.__sfp    0x000000000000b090       0xa0 c:/mounriver/mrs_community/toolchain/risc-v embedded gcc/bin/../lib/gcc/riscv-none-embed/8.2.0/../../../../riscv-none-embed/lib/rv32imac/ilp32\libg_nano.a(lib_a-findfp.o)
                0x000000000000b090                __sfp
 .text._fwalk_reent
                0x000000000000b130       0x6c c:/mounriver/mrs_community/toolchain/risc-v embedded gcc/bin/../lib/gcc/riscv-none-embed/8.2.0/../../../../riscv-none-embed/lib/rv32imac/ilp32\libg_nano.a(lib_a-fwalk.o)
                0x000000000000b130                _fwalk_reent
 .text.__locale_ctype_ptr_l
                0x000000000000b19c        0x6 c:/mounriver/mrs_community/toolchain/risc-v embedded gcc/bin/../lib/gcc/riscv-none-embed/8.2.0/../../../../riscv-none-embed/lib/rv32imac/ilp32\libg_nano.a(lib_a-locale.o)
                0x000000000000b19c                __locale_ctype_ptr_l
 .text.__swhatbuf_r
                0x000000000000b1a2       0x5a c:/mounriver/mrs_community/toolchain/risc-v embedded gcc/bin/../lib/gcc/riscv-none-embed/8.2.0/../../../../riscv-none-embed/lib/rv32imac/ilp32\libg_nano.a(lib_a-makebuf.o)
                0x000000000000b1a2                __swhatbuf_r
 .text.__smakebuf_r
                0x000000000000b1fc       0xa0 c:/mounriver/mrs_community/toolchain/risc-v embedded gcc/bin/../lib/gcc/riscv-none-embed/8.2.0/../../../../riscv-none-embed/lib/rv32imac/ilp32\libg_nano.a(lib_a-makebuf.o)
                0x000000000000b1fc                __smakebuf_r
 .text.malloc   0x000000000000b29c        0xa c:/mounriver/mrs_community/toolchain/risc-v embedded gcc/bin/../lib/gcc/riscv-none-embed/8.2.0/../../../../riscv-none-embed/lib/rv32imac/ilp32\libg_nano.a(lib_a-malloc.o)
                0x000000000000b29c                malloc
 .text.__ascii_mbtowc
                0x000000000000b2a6       0x3a c:/mounriver/mrs_community/toolchain/risc-v embedded gcc/bin/../lib/gcc/riscv-none-embed/8.2.0/../../../../riscv-none-embed/lib/rv32imac/ilp32\libg_nano.a(lib_a-mbtowc_r.o)
                0x000000000000b2a6                __ascii_mbtowc
 .text._free_r  0x000000000000b2e0       0xa8 c:/mounriver/mrs_community/toolchain/risc-v embedded gcc/bin/../lib/gcc/riscv-none-embed/8.2.0/../../../../riscv-none-embed/lib/rv32imac/ilp32\libg_nano.a(lib_a-nano-freer.o)
                0x000000000000b2e0                _free_r
 .text._malloc_r
                0x000000000000b388       0xda c:/mounriver/mrs_community/toolchain/risc-v embedded gcc/bin/../lib/gcc/riscv-none-embed/8.2.0/../../../../riscv-none-embed/lib/rv32imac/ilp32\libg_nano.a(lib_a-nano-mallocr.o)
                0x000000000000b388                _malloc_r
 .text.__ssputs_r
                0x000000000000b462       0xee c:/mounriver/mrs_community/toolchain/risc-v embedded gcc/bin/../lib/gcc/riscv-none-embed/8.2.0/../../../../riscv-none-embed/lib/rv32imac/ilp32\libg_nano.a(lib_a-nano-svfprintf.o)
                0x000000000000b462                __ssputs_r
 .text._svfprintf_r
                0x000000000000b550      0x280 c:/mounriver/mrs_community/toolchain/risc-v embedded gcc/bin/../lib/gcc/riscv-none-embed/8.2.0/../../../../riscv-none-embed/lib/rv32imac/ilp32\libg_nano.a(lib_a-nano-svfprintf.o)
                0x000000000000b550                _svfiprintf_r
                0x000000000000b550                _svfprintf_r
 .text.__sfputc_r
                0x000000000000b7d0       0x2a c:/mounriver/mrs_community/toolchain/risc-v embedded gcc/bin/../lib/gcc/riscv-none-embed/8.2.0/../../../../riscv-none-embed/lib/rv32imac/ilp32\libg_nano.a(lib_a-nano-vfprintf.o)
 .text.__sfputs_r
                0x000000000000b7fa       0x44 c:/mounriver/mrs_community/toolchain/risc-v embedded gcc/bin/../lib/gcc/riscv-none-embed/8.2.0/../../../../riscv-none-embed/lib/rv32imac/ilp32\libg_nano.a(lib_a-nano-vfprintf.o)
                0x000000000000b7fa                __sfputs_r
 .text._vfprintf_r
                0x000000000000b83e      0x29e c:/mounriver/mrs_community/toolchain/risc-v embedded gcc/bin/../lib/gcc/riscv-none-embed/8.2.0/../../../../riscv-none-embed/lib/rv32imac/ilp32\libg_nano.a(lib_a-nano-vfprintf.o)
                0x000000000000b83e                _vfprintf_r
                0x000000000000b83e                _vfiprintf_r
 .text._printf_common
                0x000000000000badc      0x10c c:/mounriver/mrs_community/toolchain/risc-v embedded gcc/bin/../lib/gcc/riscv-none-embed/8.2.0/../../../../riscv-none-embed/lib/rv32imac/ilp32\libg_nano.a(lib_a-nano-vfprintf_i.o)
                0x000000000000badc                _printf_common
 .text._printf_i
                0x000000000000bbe8      0x2aa c:/mounriver/mrs_community/toolchain/risc-v embedded gcc/bin/../lib/gcc/riscv-none-embed/8.2.0/../../../../riscv-none-embed/lib/rv32imac/ilp32\libg_nano.a(lib_a-nano-vfprintf_i.o)
                0x000000000000bbe8                _printf_i
 .text._putc_r  0x000000000000be92       0x86 c:/mounriver/mrs_community/toolchain/risc-v embedded gcc/bin/../lib/gcc/riscv-none-embed/8.2.0/../../../../riscv-none-embed/lib/rv32imac/ilp32\libg_nano.a(lib_a-putc.o)
                0x000000000000be92                _putc_r
 .text._sbrk_r  0x000000000000bf18       0x32 c:/mounriver/mrs_community/toolchain/risc-v embedded gcc/bin/../lib/gcc/riscv-none-embed/8.2.0/../../../../riscv-none-embed/lib/rv32imac/ilp32\libg_nano.a(lib_a-sbrkr.o)
                0x000000000000bf18                _sbrk_r
 .text.__sread  0x000000000000bf4a       0x30 c:/mounriver/mrs_community/toolchain/risc-v embedded gcc/bin/../lib/gcc/riscv-none-embed/8.2.0/../../../../riscv-none-embed/lib/rv32imac/ilp32\libg_nano.a(lib_a-stdio.o)
                0x000000000000bf4a                __sread
 .text.__swrite
                0x000000000000bf7a       0x4e c:/mounriver/mrs_community/toolchain/risc-v embedded gcc/bin/../lib/gcc/riscv-none-embed/8.2.0/../../../../riscv-none-embed/lib/rv32imac/ilp32\libg_nano.a(lib_a-stdio.o)
                0x000000000000bf7a                __swrite
 .text.__sseek  0x000000000000bfc8       0x36 c:/mounriver/mrs_community/toolchain/risc-v embedded gcc/bin/../lib/gcc/riscv-none-embed/8.2.0/../../../../riscv-none-embed/lib/rv32imac/ilp32\libg_nano.a(lib_a-stdio.o)
                0x000000000000bfc8                __sseek
 .text.__sclose
                0x000000000000bffe        0x6 c:/mounriver/mrs_community/toolchain/risc-v embedded gcc/bin/../lib/gcc/riscv-none-embed/8.2.0/../../../../riscv-none-embed/lib/rv32imac/ilp32\libg_nano.a(lib_a-stdio.o)
                0x000000000000bffe                __sclose
 .text.__ascii_wctomb
                0x000000000000c004       0x20 c:/mounriver/mrs_community/toolchain/risc-v embedded gcc/bin/../lib/gcc/riscv-none-embed/8.2.0/../../../../riscv-none-embed/lib/rv32imac/ilp32\libg_nano.a(lib_a-wctomb_r.o)
                0x000000000000c004                __ascii_wctomb
 .text._write_r
                0x000000000000c024       0x36 c:/mounriver/mrs_community/toolchain/risc-v embedded gcc/bin/../lib/gcc/riscv-none-embed/8.2.0/../../../../riscv-none-embed/lib/rv32imac/ilp32\libg_nano.a(lib_a-writer.o)
                0x000000000000c024                _write_r
 .text._close_r
                0x000000000000c05a       0x30 c:/mounriver/mrs_community/toolchain/risc-v embedded gcc/bin/../lib/gcc/riscv-none-embed/8.2.0/../../../../riscv-none-embed/lib/rv32imac/ilp32\libg_nano.a(lib_a-closer.o)
                0x000000000000c05a                _close_r
 .text._fstat_r
                0x000000000000c08a       0x32 c:/mounriver/mrs_community/toolchain/risc-v embedded gcc/bin/../lib/gcc/riscv-none-embed/8.2.0/../../../../riscv-none-embed/lib/rv32imac/ilp32\libg_nano.a(lib_a-fstatr.o)
                0x000000000000c08a                _fstat_r
 .text._isatty_r
                0x000000000000c0bc       0x30 c:/mounriver/mrs_community/toolchain/risc-v embedded gcc/bin/../lib/gcc/riscv-none-embed/8.2.0/../../../../riscv-none-embed/lib/rv32imac/ilp32\libg_nano.a(lib_a-isattyr.o)
                0x000000000000c0bc                _isatty_r
 .text._lseek_r
                0x000000000000c0ec       0x34 c:/mounriver/mrs_community/toolchain/risc-v embedded gcc/bin/../lib/gcc/riscv-none-embed/8.2.0/../../../../riscv-none-embed/lib/rv32imac/ilp32\libg_nano.a(lib_a-lseekr.o)
                0x000000000000c0ec                _lseek_r
 .text.memchr   0x000000000000c120       0x1a c:/mounriver/mrs_community/toolchain/risc-v embedded gcc/bin/../lib/gcc/riscv-none-embed/8.2.0/../../../../riscv-none-embed/lib/rv32imac/ilp32\libg_nano.a(lib_a-memchr.o)
                0x000000000000c120                memchr
 .text.memmove  0x000000000000c13a       0x4a c:/mounriver/mrs_community/toolchain/risc-v embedded gcc/bin/../lib/gcc/riscv-none-embed/8.2.0/../../../../riscv-none-embed/lib/rv32imac/ilp32\libg_nano.a(lib_a-memmove.o)
                0x000000000000c13a                memmove
 .text.__malloc_lock
                0x000000000000c184        0x2 c:/mounriver/mrs_community/toolchain/risc-v embedded gcc/bin/../lib/gcc/riscv-none-embed/8.2.0/../../../../riscv-none-embed/lib/rv32imac/ilp32\libg_nano.a(lib_a-mlock.o)
                0x000000000000c184                __malloc_lock
 .text.__malloc_unlock
                0x000000000000c186        0x2 c:/mounriver/mrs_community/toolchain/risc-v embedded gcc/bin/../lib/gcc/riscv-none-embed/8.2.0/../../../../riscv-none-embed/lib/rv32imac/ilp32\libg_nano.a(lib_a-mlock.o)
                0x000000000000c186                __malloc_unlock
 .text._realloc_r
                0x000000000000c188       0x58 c:/mounriver/mrs_community/toolchain/risc-v embedded gcc/bin/../lib/gcc/riscv-none-embed/8.2.0/../../../../riscv-none-embed/lib/rv32imac/ilp32\libg_nano.a(lib_a-nano-reallocr.o)
                0x000000000000c188                _realloc_r
 .text._read_r  0x000000000000c1e0       0x34 c:/mounriver/mrs_community/toolchain/risc-v embedded gcc/bin/../lib/gcc/riscv-none-embed/8.2.0/../../../../riscv-none-embed/lib/rv32imac/ilp32\libg_nano.a(lib_a-readr.o)
                0x000000000000c1e0                _read_r
 .text._malloc_usable_size_r
                0x000000000000c214       0x14 c:/mounriver/mrs_community/toolchain/risc-v embedded gcc/bin/../lib/gcc/riscv-none-embed/8.2.0/../../../../riscv-none-embed/lib/rv32imac/ilp32\libg_nano.a(lib_a-nano-msizer.o)
                0x000000000000c214                _malloc_usable_size_r
 .text._close   0x000000000000c228       0x10 c:/mounriver/mrs_community/toolchain/risc-v embedded gcc/bin/../lib/gcc/riscv-none-embed/8.2.0/../../../../riscv-none-embed/lib/rv32imac/ilp32\libnosys.a(close.o)
                0x000000000000c228                _close
 .text._fstat   0x000000000000c238       0x10 c:/mounriver/mrs_community/toolchain/risc-v embedded gcc/bin/../lib/gcc/riscv-none-embed/8.2.0/../../../../riscv-none-embed/lib/rv32imac/ilp32\libnosys.a(fstat.o)
                0x000000000000c238                _fstat
 .text._isatty  0x000000000000c248       0x10 c:/mounriver/mrs_community/toolchain/risc-v embedded gcc/bin/../lib/gcc/riscv-none-embed/8.2.0/../../../../riscv-none-embed/lib/rv32imac/ilp32\libnosys.a(isatty.o)
                0x000000000000c248                _isatty
 .text._lseek   0x000000000000c258       0x10 c:/mounriver/mrs_community/toolchain/risc-v embedded gcc/bin/../lib/gcc/riscv-none-embed/8.2.0/../../../../riscv-none-embed/lib/rv32imac/ilp32\libnosys.a(lseek.o)
                0x000000000000c258                _lseek
 .text._read    0x000000000000c268       0x10 c:/mounriver/mrs_community/toolchain/risc-v embedded gcc/bin/../lib/gcc/riscv-none-embed/8.2.0/../../../../riscv-none-embed/lib/rv32imac/ilp32\libnosys.a(read.o)
                0x000000000000c268                _read
 *(.rodata)
 .rodata        0x000000000000c278       0x41 ./base64/base64.o
 *fill*         0x000000000000c2b9        0x3 
 .rodata        0x000000000000c2bc      0x404 ./HTTP/HTTPS.o
 *(.rodata*)
 .rodata.ws_handshake.str1.4
                0x000000000000c6c0      0x124 ./websocket/wshandshake.o
                                        0x128 (size before relaxing)
 .rodata.EXTI3_IRQHandler.str1.4
                0x000000000000c7e4        0xd ./User/ch32v30x_it.o
 *fill*         0x000000000000c7f1        0x3 
 .rodata.HardFault_Handler.str1.4
                0x000000000000c7f4       0x42 ./User/ch32v30x_it.o
 *fill*         0x000000000000c836        0x2 
 .rodata.client_handler.str1.4
                0x000000000000c838       0x23 ./User/main.o
 *fill*         0x000000000000c85b        0x1 
 .rodata.main.str1.4
                0x000000000000c85c       0x83 ./User/main.o
 *fill*         0x000000000000c8df        0x1 
 .rodata.str1.4
                0x000000000000c8e0       0xbf ./User/main.o
 *fill*         0x000000000000c99f        0x1 
 .rodata.MemNum
                0x000000000000c9a0       0x10 ./NetLib/eth_driver_10M.o
                0x000000000000c9a0                MemNum
 .rodata.MemSize
                0x000000000000c9b0       0x10 ./NetLib/eth_driver_10M.o
                0x000000000000c9b0                MemSize
 .rodata.MB_TCP_RSP
                0x000000000000c9c0       0x40 ./Modbus/ModbusTCP.o
 .rodata.MB_Parse_Data.str1.4
                0x000000000000ca00       0x58 ./Modbus/ModbusTCP.o
 .rodata.TCP_RSP_03_04.str1.4
                0x000000000000ca58       0x20 ./Modbus/ModbusTCP.o
 .rodata.TCP_RSP_05.str1.4
                0x000000000000ca78       0x2f ./Modbus/ModbusTCP.o
 *fill*         0x000000000000caa7        0x1 
 .rodata.MakeHttpResponse.str1.4
                0x000000000000caa8       0x3a ./HTTP/HTTPS.o
                                         0x45 (size before relaxing)
 *fill*         0x000000000000cae2        0x2 
 .rodata.ParseHttpRequest.str1.4
                0x000000000000cae4        0x8 ./HTTP/HTTPS.o
                                          0xa (size before relaxing)
 .rodata.ParseURLType.str1.4
                0x000000000000caec        0xd ./HTTP/HTTPS.o
 *fill*         0x000000000000caf9        0x3 
 .rodata.Web_Server.str1.4
                0x000000000000cafc       0xde ./HTTP/HTTPS.o
                                         0xe6 (size before relaxing)
 .rodata.add_header.str1.4
                0x000000000000cbda       0xde ./HTTP/HTTPS.o
                                          0x7 (size before relaxing)
 *fill*         0x000000000000cbda        0x2 
 .rodata.ErrTable
                0x000000000000cbdc       0x10 C:\Users\Bogdan\mrs_community_workspace3\CH32V307JSONMODBUSWEBSOCKETAJAX\NetLib\libwchnet.a(socket.o)
                0x000000000000cbdc                ErrTable
 .rodata.tcp_close
                0x000000000000cbec       0x20 C:\Users\Bogdan\mrs_community_workspace3\CH32V307JSONMODBUSWEBSOCKETAJAX\NetLib\libwchnet.a(tcp.o)
 .rodata.tcp_backoff
                0x000000000000cc0c        0xd C:\Users\Bogdan\mrs_community_workspace3\CH32V307JSONMODBUSWEBSOCKETAJAX\NetLib\libwchnet.a(tcp.o)
                0x000000000000cc0c                tcp_backoff
 *fill*         0x000000000000cc19        0x3 
 .rodata.tcp_input
                0x000000000000cc1c       0x20 C:\Users\Bogdan\mrs_community_workspace3\CH32V307JSONMODBUSWEBSOCKETAJAX\NetLib\libwchnet.a(tcp_in.o)
 .rodata.__sf_fake_stderr
                0x000000000000cc3c       0x20 c:/mounriver/mrs_community/toolchain/risc-v embedded gcc/bin/../lib/gcc/riscv-none-embed/8.2.0/../../../../riscv-none-embed/lib/rv32imac/ilp32\libg_nano.a(lib_a-findfp.o)
                0x000000000000cc3c                __sf_fake_stderr
 .rodata.__sf_fake_stdin
                0x000000000000cc5c       0x20 c:/mounriver/mrs_community/toolchain/risc-v embedded gcc/bin/../lib/gcc/riscv-none-embed/8.2.0/../../../../riscv-none-embed/lib/rv32imac/ilp32\libg_nano.a(lib_a-findfp.o)
                0x000000000000cc5c                __sf_fake_stdin
 .rodata.__sf_fake_stdout
                0x000000000000cc7c       0x20 c:/mounriver/mrs_community/toolchain/risc-v embedded gcc/bin/../lib/gcc/riscv-none-embed/8.2.0/../../../../riscv-none-embed/lib/rv32imac/ilp32\libg_nano.a(lib_a-findfp.o)
                0x000000000000cc7c                __sf_fake_stdout
 .rodata._setlocale_r.str1.4
                0x000000000000cc9c        0xa c:/mounriver/mrs_community/toolchain/risc-v embedded gcc/bin/../lib/gcc/riscv-none-embed/8.2.0/../../../../riscv-none-embed/lib/rv32imac/ilp32\libg_nano.a(lib_a-locale.o)
                                          0xd (size before relaxing)
 *fill*         0x000000000000cca6        0x2 
 .rodata.str1.4
                0x000000000000cca8        0x2 c:/mounriver/mrs_community/toolchain/risc-v embedded gcc/bin/../lib/gcc/riscv-none-embed/8.2.0/../../../../riscv-none-embed/lib/rv32imac/ilp32\libg_nano.a(lib_a-locale.o)
 *fill*         0x000000000000ccaa        0x2 
 .rodata._svfprintf_r.str1.4